../Middlewares/ST/touchgfx/framework/include/touchgfx/Unicode.hpp:404:25:static touchgfx::Unicode::UnicodeChar* touchgfx::Unicode::snprintfFloat(UnicodeChar*, uint16_t, const char*, float)	24	static
../Middlewares/ST/touchgfx/framework/include/touchgfx/Screen.hpp:104:18:virtual void touchgfx::Screen::afterTransition()	16	static
../Middlewares/ST/touchgfx/framework/include/touchgfx/Screen.hpp:115:18:virtual void touchgfx::Screen::tearDownScreen()	16	static
../Middlewares/ST/touchgfx/framework/include/touchgfx/Screen.hpp:144:18:virtual void touchgfx::Screen::handleTickEvent()	16	static
../Middlewares/ST/touchgfx/framework/include/touchgfx/Screen.hpp:154:18:virtual void touchgfx::Screen::handleKeyEvent(uint8_t)	16	static
../TouchGFX/gui/include/gui/temperature_screen_screen/temperature_screenView.hpp:11:13:temperature_screenView::~temperature_screenView()	16	static
../TouchGFX/gui/include/gui/temperature_screen_screen/temperature_screenView.hpp:11:13:virtual temperature_screenView::~temperature_screenView()	16	static
../TouchGFX/gui/src/temperature_screen_screen/temperature_screenView.cpp:3:1:temperature_screenView::temperature_screenView()	16	static
../TouchGFX/gui/src/temperature_screen_screen/temperature_screenView.cpp:8:6:virtual void temperature_screenView::setupScreen()	16	static
../TouchGFX/gui/src/temperature_screen_screen/temperature_screenView.cpp:13:6:virtual void temperature_screenView::tearDownScreen()	16	static
../TouchGFX/gui/src/temperature_screen_screen/temperature_screenView.cpp:19:6:virtual void temperature_screenView::setTemperature(float)	16	static
../TouchGFX/gui/src/temperature_screen_screen/temperature_screenView.cpp:25:6:virtual void temperature_screenView::increase()	16	static
../TouchGFX/gui/src/temperature_screen_screen/temperature_screenView.cpp:30:6:virtual void temperature_screenView::decrease()	16	static
