../Middlewares/ST/touchgfx/framework/include/touchgfx/Screen.hpp:104:18:virtual void touchgfx::Screen::afterTransition()	16	static
../Middlewares/ST/touchgfx/framework/include/touchgfx/Screen.hpp:115:18:virtual void touchgfx::Screen::tearDownScreen()	16	static
../Middlewares/ST/touchgfx/framework/include/touchgfx/Screen.hpp:144:18:virtual void touchgfx::Screen::handleTickEvent()	16	static
../Middlewares/ST/touchgfx/framework/include/touchgfx/Screen.hpp:154:18:virtual void touchgfx::Screen::handleKeyEvent(uint8_t)	16	static
../TouchGFX/generated/gui_generated/include/gui_generated/humidity_button_screen/humidity_buttonViewBase.hpp:25:18:virtual void humidity_buttonViewBase::ToggleLights()	16	static
../TouchGFX/gui/include/gui/humidity_button_screen/humidity_buttonView.hpp:11:13:humidity_buttonView::~humidity_buttonView()	16	static
../TouchGFX/gui/include/gui/humidity_button_screen/humidity_buttonView.hpp:11:13:virtual humidity_buttonView::~humidity_buttonView()	16	static
../TouchGFX/gui/src/humidity_button_screen/humidity_buttonView.cpp:3:1:humidity_buttonView::humidity_buttonView()	16	static
../TouchGFX/gui/src/humidity_button_screen/humidity_buttonView.cpp:8:6:virtual void humidity_buttonView::setupScreen()	16	static
../TouchGFX/gui/src/humidity_button_screen/humidity_buttonView.cpp:13:6:virtual void humidity_buttonView::tearDownScreen()	16	static
