../TouchGFX/gui/include/gui/model/ModelListener.hpp:35:18:virtual void ModelListener::notifyHumiditySetPointChanged(float)	0	static
../TouchGFX/gui/include/gui/model/ModelListener.hpp:36:18:virtual void ModelListener::notifyTemperatureSetPointChanged(float)	0	static
../TouchGFX/gui/include/gui/model/ModelListener.hpp:37:18:virtual void ModelListener::notifyLightsSetPointChanged(int)	0	static
../TouchGFX/gui/include/gui/main_screen/MainPresenter.hpp:28:13:MainPresenter::~MainPresenter()	0	static
../TouchGFX/gui/src/main_screen/MainPresenter.cpp:9:6:virtual void MainPresenter::activate()	0	static
../TouchGFX/gui/src/main_screen/MainPresenter.cpp:18:6:virtual void MainPresenter::notifyADCChanged(uint32_t)	0	static
../TouchGFX/gui/src/main_screen/MainPresenter.cpp:22:6:virtual void MainPresenter::notifyTemperatureChanged(float)	0	static
../TouchGFX/gui/src/main_screen/MainPresenter.cpp:27:6:virtual void MainPresenter::notifyHumidityChanged(float)	0	static
../TouchGFX/gui/include/gui/main_screen/MainPresenter.hpp:28:13:virtual MainPresenter::~MainPresenter()	8	static
../TouchGFX/gui/include/gui/main_screen/MainPresenter.hpp:28:13:virtual void* MainPresenter::_ZThn4_N13MainPresenterD1Ev()	0	static
../TouchGFX/gui/src/main_screen/MainPresenter.cpp:4:1:MainPresenter::MainPresenter(MainView&)	0	static
