../Middlewares/ST/touchgfx/framework/include/touchgfx/Screen.hpp:104:18:virtual void touchgfx::Screen::afterTransition()	0	static
../Middlewares/ST/touchgfx/framework/include/touchgfx/Screen.hpp:115:18:virtual void touchgfx::Screen::tearDownScreen()	0	static
../Middlewares/ST/touchgfx/framework/include/touchgfx/Screen.hpp:144:18:virtual void touchgfx::Screen::handleTickEvent()	0	static
../Middlewares/ST/touchgfx/framework/include/touchgfx/Screen.hpp:154:18:virtual void touchgfx::Screen::handleKeyEvent(uint8_t)	0	static
../TouchGFX/gui/src/main_screen/MainView.cpp:18:6:virtual void MainView::increaseValue()	0	static
../TouchGFX/gui/src/main_screen/MainView.cpp:24:6:virtual void MainView::decreaseValue()	0	static
../TouchGFX/gui/src/main_screen/MainView.cpp:30:6:virtual void MainView::ToggleLights()	0	static
../TouchGFX/gui/include/gui/main_screen/MainView.hpp:11:5:MainView::~MainView()	8	static
../TouchGFX/gui/include/gui/main_screen/MainView.hpp:11:5:virtual MainView::~MainView()	8	static
../TouchGFX/gui/src/main_screen/MainView.cpp:9:1:MainView::MainView()	8	static
../TouchGFX/gui/src/main_screen/MainView.cpp:35:6:void MainView::updateGFXElements()	0	static
../TouchGFX/gui/src/main_screen/MainView.cpp:11:6:virtual void MainView::setupScreen()	0	static
../TouchGFX/gui/src/main_screen/MainView.cpp:66:6:virtual void MainView::setVal(uint32_t)	8	static
../TouchGFX/gui/src/main_screen/MainView.cpp:72:6:virtual void MainView::setTemperature(float)	16	static
../TouchGFX/gui/src/main_screen/MainView.cpp:78:6:virtual void MainView::setHumidity(float)	16	static
