Archive member included to satisfy reference by file (symbol)

C:\Users\aleca\OneDrive\Documents\GitHub\senior-design\f4_senior_design\Middlewares\ST\touchgfx\lib\core\cortex_m4f\gcc\libtouchgfx-float-abi-hard.a(AbstractPartition.o)
                              ./TouchGFX/target/generated/TouchGFXConfiguration.o (touchgfx::AbstractPartition::getAllocationCount() const)
C:\Users\aleca\OneDrive\Documents\GitHub\senior-design\f4_senior_design\Middlewares\ST\touchgfx\lib\core\cortex_m4f\gcc\libtouchgfx-float-abi-hard.a(Container.o)
                              ./TouchGFX/generated/gui_generated/src/humidity_screen_screen/humidity_screenViewBase.o (touchgfx::Container::contains(touchgfx::Drawable const&))
C:\Users\aleca\OneDrive\Documents\GitHub\senior-design\f4_senior_design\Middlewares\ST\touchgfx\lib\core\cortex_m4f\gcc\libtouchgfx-float-abi-hard.a(HAL.o)
                              ./TouchGFX/target/TouchGFXHAL.o (touchgfx::HAL::drawDrawableInDynamicBitmap(touchgfx::Drawable&, unsigned short))
C:\Users\aleca\OneDrive\Documents\GitHub\senior-design\f4_senior_design\Middlewares\ST\touchgfx\lib\core\cortex_m4f\gcc\libtouchgfx-float-abi-hard.a(DMA.o)
                              ./TouchGFX/target/generated/STM32DMA.o (touchgfx::DMA_Interface::seedExecution())
C:\Users\aleca\OneDrive\Documents\GitHub\senior-design\f4_senior_design\Middlewares\ST\touchgfx\lib\core\cortex_m4f\gcc\libtouchgfx-float-abi-hard.a(ToggleButton.o)
                              ./TouchGFX/generated/gui_generated/src/main_screen/MainViewBase.o (touchgfx::ToggleButton::forceState(bool))
C:\Users\aleca\OneDrive\Documents\GitHub\senior-design\f4_senior_design\Middlewares\ST\touchgfx\lib\core\cortex_m4f\gcc\libtouchgfx-float-abi-hard.a(TextArea.o)
                              ./TouchGFX/generated/gui_generated/src/humidity_screen_screen/humidity_screenViewBase.o (touchgfx::TextArea::getAlignment() const)
C:\Users\aleca\OneDrive\Documents\GitHub\senior-design\f4_senior_design\Middlewares\ST\touchgfx\lib\core\cortex_m4f\gcc\libtouchgfx-float-abi-hard.a(Box.o)
                              ./TouchGFX/generated/gui_generated/src/humidity_screen_screen/humidity_screenViewBase.o (vtable for touchgfx::Box)
C:\Users\aleca\OneDrive\Documents\GitHub\senior-design\f4_senior_design\Middlewares\ST\touchgfx\lib\core\cortex_m4f\gcc\libtouchgfx-float-abi-hard.a(Button.o)
                              ./TouchGFX/generated/gui_generated/src/main_screen/MainViewBase.o (touchgfx::Button::setBitmaps(touchgfx::Bitmap const&, touchgfx::Bitmap const&))
C:\Users\aleca\OneDrive\Documents\GitHub\senior-design\f4_senior_design\Middlewares\ST\touchgfx\lib\core\cortex_m4f\gcc\libtouchgfx-float-abi-hard.a(TextAreaWithWildcard.o)
                              ./TouchGFX/generated/gui_generated/src/humidity_screen_screen/humidity_screenViewBase.o (touchgfx::TextAreaWithWildcardBase::draw(touchgfx::Rect const&) const)
C:\Users\aleca\OneDrive\Documents\GitHub\senior-design\f4_senior_design\Middlewares\ST\touchgfx\lib\core\cortex_m4f\gcc\libtouchgfx-float-abi-hard.a(BoxWithBorder.o)
                              ./TouchGFX/generated/gui_generated/src/humidity_screen_screen/humidity_screenViewBase.o (vtable for touchgfx::BoxWithBorder)
C:\Users\aleca\OneDrive\Documents\GitHub\senior-design\f4_senior_design\Middlewares\ST\touchgfx\lib\core\cortex_m4f\gcc\libtouchgfx-float-abi-hard.a(ButtonWithIcon.o)
                              ./TouchGFX/generated/gui_generated/src/humidity_screen_screen/humidity_screenViewBase.o (touchgfx::ButtonWithIcon::setBitmaps(touchgfx::Bitmap const&, touchgfx::Bitmap const&, touchgfx::Bitmap const&, touchgfx::Bitmap const&))
C:\Users\aleca\OneDrive\Documents\GitHub\senior-design\f4_senior_design\Middlewares\ST\touchgfx\lib\core\cortex_m4f\gcc\libtouchgfx-float-abi-hard.a(LCD.o)
                              C:\Users\aleca\OneDrive\Documents\GitHub\senior-design\f4_senior_design\Middlewares\ST\touchgfx\lib\core\cortex_m4f\gcc\libtouchgfx-float-abi-hard.a(TextArea.o) (touchgfx::LCD::stringWidth(touchgfx::TextProvider&, touchgfx::Font const&, int, unsigned char))
C:\Users\aleca\OneDrive\Documents\GitHub\senior-design\f4_senior_design\Middlewares\ST\touchgfx\lib\core\cortex_m4f\gcc\libtouchgfx-float-abi-hard.a(TouchCalibration.o)
                              C:\Users\aleca\OneDrive\Documents\GitHub\senior-design\f4_senior_design\Middlewares\ST\touchgfx\lib\core\cortex_m4f\gcc\libtouchgfx-float-abi-hard.a(HAL.o) (touchgfx::TouchCalibration::translatePoint(touchgfx::Point&))
C:\Users\aleca\OneDrive\Documents\GitHub\senior-design\f4_senior_design\Middlewares\ST\touchgfx\lib\core\cortex_m4f\gcc\libtouchgfx-float-abi-hard.a(DisplayTransformation.o)
                              C:\Users\aleca\OneDrive\Documents\GitHub\senior-design\f4_senior_design\Middlewares\ST\touchgfx\lib\core\cortex_m4f\gcc\libtouchgfx-float-abi-hard.a(HAL.o) (touchgfx::DisplayTransformation::transformFrameBufferToDisplay(short&, short&))
[...]
Memory Configuration

Name             Origin             Length             Attributes
RAM              0x20000000         0x00020000         xrw
FLASH            0x08000000         0x00080000         xr
*default*        0x00000000         0xffffffff

Linker script and memory map

LOAD C:/ST/STM32CubeIDE_1.17.0/STM32CubeIDE/plugins/com.st.stm32cube.ide.mcu.externaltools.gnu-tools-for-stm32.12.3.rel1.win32_1.1.0.202410251130/tools/bin/../lib/gcc/arm-none-eabi/12.3.1/thumb/v7e-m+fp/hard/crti.o
LOAD C:/ST/STM32CubeIDE_1.17.0/STM32CubeIDE/plugins/com.st.stm32cube.ide.mcu.externaltools.gnu-tools-for-stm32.12.3.rel1.win32_1.1.0.202410251130/tools/bin/../lib/gcc/arm-none-eabi/12.3.1/thumb/v7e-m+fp/hard/crtbegin.o
LOAD C:/ST/STM32CubeIDE_1.17.0/STM32CubeIDE/plugins/com.st.stm32cube.ide.mcu.externaltools.gnu-tools-for-stm32.12.3.rel1.win32_1.1.0.202410251130/tools/bin/../lib/gcc/arm-none-eabi/12.3.1/../../../../arm-none-eabi/lib/thumb/v7e-m+fp/hard/crt0.o
LOAD ./Core/Inc/font12.o
LOAD ./Core/Inc/font16.o
LOAD ./Core/Inc/font20.o
LOAD ./Core/Inc/font24.o
LOAD ./Core/Inc/font8.o
LOAD ./Core/Src/main.o
LOAD ./Core/Src/stm32f4xx_hal_msp.o
LOAD ./Core/Src/stm32f4xx_it.o
LOAD ./Core/Src/syscalls.o
LOAD ./Core/Src/sysmem.o
LOAD ./Core/Src/system_stm32f4xx.o
LOAD ./Core/Src/z_displ_ILI9XXX.o
LOAD ./Core/Src/z_touch_XPT2046.o
LOAD ./Core/Startup/startup_stm32f446retx.o
LOAD ./Drivers/STM32F4xx_HAL_Driver/Src/stm32f4xx_hal.o
LOAD ./Drivers/STM32F4xx_HAL_Driver/Src/stm32f4xx_hal_adc.o
LOAD ./Drivers/STM32F4xx_HAL_Driver/Src/stm32f4xx_hal_adc_ex.o
LOAD ./Drivers/STM32F4xx_HAL_Driver/Src/stm32f4xx_hal_cortex.o
LOAD ./Drivers/STM32F4xx_HAL_Driver/Src/stm32f4xx_hal_crc.o
LOAD ./Drivers/STM32F4xx_HAL_Driver/Src/stm32f4xx_hal_dma.o
LOAD ./Drivers/STM32F4xx_HAL_Driver/Src/stm32f4xx_hal_dma_ex.o
LOAD ./Drivers/STM32F4xx_HAL_Driver/Src/stm32f4xx_hal_exti.o
LOAD ./Drivers/STM32F4xx_HAL_Driver/Src/stm32f4xx_hal_flash.o
LOAD ./Drivers/STM32F4xx_HAL_Driver/Src/stm32f4xx_hal_flash_ex.o
LOAD ./Drivers/STM32F4xx_HAL_Driver/Src/stm32f4xx_hal_flash_ramfunc.o
LOAD ./Drivers/STM32F4xx_HAL_Driver/Src/stm32f4xx_hal_gpio.o
LOAD ./Drivers/STM32F4xx_HAL_Driver/Src/stm32f4xx_hal_i2c.o
LOAD ./Drivers/STM32F4xx_HAL_Driver/Src/stm32f4xx_hal_i2c_ex.o
LOAD ./Drivers/STM32F4xx_HAL_Driver/Src/stm32f4xx_hal_pwr.o
LOAD ./Drivers/STM32F4xx_HAL_Driver/Src/stm32f4xx_hal_pwr_ex.o
LOAD ./Drivers/STM32F4xx_HAL_Driver/Src/stm32f4xx_hal_rcc.o
LOAD ./Drivers/STM32F4xx_HAL_Driver/Src/stm32f4xx_hal_rcc_ex.o
LOAD ./Drivers/STM32F4xx_HAL_Driver/Src/stm32f4xx_hal_spi.o
LOAD ./Drivers/STM32F4xx_HAL_Driver/Src/stm32f4xx_hal_tim.o
LOAD ./Drivers/STM32F4xx_HAL_Driver/Src/stm32f4xx_hal_tim_ex.o
LOAD ./Drivers/STM32F4xx_HAL_Driver/Src/stm32f4xx_ll_adc.o
LOAD ./TouchGFX/App/app_touchgfx.o
LOAD ./TouchGFX/generated/fonts/src/ApplicationFontProvider.o
LOAD ./TouchGFX/generated/fonts/src/CachedFont.o
LOAD ./TouchGFX/generated/fonts/src/FontCache.o
LOAD ./TouchGFX/generated/fonts/src/Font_Asap_Regular_80_4bpp_0.o
LOAD ./TouchGFX/generated/fonts/src/Font_verdana_30_4bpp_0.o
LOAD ./TouchGFX/generated/fonts/src/GeneratedFont.o
LOAD ./TouchGFX/generated/fonts/src/Kerning_Asap_Regular_80_4bpp.o
LOAD ./TouchGFX/generated/fonts/src/Kerning_verdana_30_4bpp.o
LOAD ./TouchGFX/generated/fonts/src/Table_Asap_Regular_80_4bpp.o
LOAD ./TouchGFX/generated/fonts/src/Table_verdana_30_4bpp.o
LOAD ./TouchGFX/generated/fonts/src/UnmappedDataFont.o
LOAD ./TouchGFX/generated/fonts/src/VectorFontRendererBuffers.o
LOAD ./TouchGFX/generated/gui_generated/src/common/FrontendApplicationBase.o
LOAD ./TouchGFX/generated/gui_generated/src/humidity_screen_screen/humidity_screenViewBase.o
LOAD ./TouchGFX/generated/gui_generated/src/light_screen_screen/light_screenViewBase.o
LOAD ./TouchGFX/generated/gui_generated/src/main_screen/MainViewBase.o
LOAD ./TouchGFX/generated/gui_generated/src/temperature_screen_screen/temperature_screenViewBase.o
LOAD ./TouchGFX/generated/images/src/BitmapDatabase.o
LOAD ./TouchGFX/generated/images/src/SVGDatabase.o
LOAD ./TouchGFX/generated/images/src/__generated/image_alternate_theme_images_widgets_button_regular_height_50_medium_rounded_normal.o
LOAD ./TouchGFX/generated/images/src/__generated/image_alternate_theme_images_widgets_button_regular_height_50_medium_rounded_pressed.o
LOAD ./TouchGFX/generated/images/src/__generated/image_alternate_theme_images_widgets_togglebutton_large_rounded_off_normal.o
LOAD ./TouchGFX/generated/images/src/__generated/image_alternate_theme_images_widgets_togglebutton_large_rounded_on_action.o
LOAD ./TouchGFX/generated/images/src/__generated/image_icon_theme_images_action_done_50_50_E8F6FB.svg.o
LOAD ./TouchGFX/generated/images/src/__generated/image_icon_theme_images_navigation_arrow_downward_50_50_E8F6FB.svg.o
LOAD ./TouchGFX/generated/images/src/__generated/image_icon_theme_images_navigation_arrow_upward_50_50_E8F6FB.svg.o
LOAD ./TouchGFX/generated/texts/src/LanguageGb.o
LOAD ./TouchGFX/generated/texts/src/Texts.o
LOAD ./TouchGFX/generated/texts/src/TypedTextDatabase.o
LOAD ./TouchGFX/gui/src/common/FrontendApplication.o
LOAD ./TouchGFX/gui/src/humidity_screen_screen/humidity_screenPresenter.o
LOAD ./TouchGFX/gui/src/humidity_screen_screen/humidity_screenView.o
LOAD ./TouchGFX/gui/src/light_screen_screen/light_screenPresenter.o
LOAD ./TouchGFX/gui/src/light_screen_screen/light_screenView.o
LOAD ./TouchGFX/gui/src/main_screen/MainPresenter.o
LOAD ./TouchGFX/gui/src/main_screen/MainView.o
LOAD ./TouchGFX/gui/src/model/Model.o
LOAD ./TouchGFX/gui/src/temperature_screen_screen/temperature_screenPresenter.o
LOAD ./TouchGFX/gui/src/temperature_screen_screen/temperature_screenView.o
LOAD ./TouchGFX/target/STM32TouchController.o
LOAD ./TouchGFX/target/TouchGFXGPIO.o
LOAD ./TouchGFX/target/TouchGFXHAL.o
LOAD ./TouchGFX/target/generated/OSWrappers.o
LOAD ./TouchGFX/target/generated/STM32DMA.o
LOAD ./TouchGFX/target/generated/TouchGFXConfiguration.o
LOAD ./TouchGFX/target/generated/TouchGFXGeneratedHAL.o
LOAD C:\Users\aleca\OneDrive\Documents\GitHub\senior-design\f4_senior_design\Middlewares\ST\touchgfx\lib\core\cortex_m4f\gcc\libtouchgfx-float-abi-hard.a
START GROUP
LOAD C:/ST/STM32CubeIDE_1.17.0/STM32CubeIDE/plugins/com.st.stm32cube.ide.mcu.externaltools.gnu-tools-for-stm32.12.3.rel1.win32_1.1.0.202410251130/tools/bin/../lib/gcc/arm-none-eabi/12.3.1/../../../../arm-none-eabi/lib/thumb/v7e-m+fp/hard\libstdc++_nano.a
LOAD C:/ST/STM32CubeIDE_1.17.0/STM32CubeIDE/plugins/com.st.stm32cube.ide.mcu.externaltools.gnu-tools-for-stm32.12.3.rel1.win32_1.1.0.202410251130/tools/bin/../lib/gcc/arm-none-eabi/12.3.1/../../../../arm-none-eabi/lib/thumb/v7e-m+fp/hard\libsupc++_nano.a
END GROUP
LOAD C:/ST/STM32CubeIDE_1.17.0/STM32CubeIDE/plugins/com.st.stm32cube.ide.mcu.externaltools.gnu-tools-for-stm32.12.3.rel1.win32_1.1.0.202410251130/tools/bin/../lib/gcc/arm-none-eabi/12.3.1/../../../../arm-none-eabi/lib/thumb/v7e-m+fp/hard\libstdc++_nano.a
LOAD C:/ST/STM32CubeIDE_1.17.0/STM32CubeIDE/plugins/com.st.stm32cube.ide.mcu.externaltools.gnu-tools-for-stm32.12.3.rel1.win32_1.1.0.202410251130/tools/bin/../lib/gcc/arm-none-eabi/12.3.1/../../../../arm-none-eabi/lib/thumb/v7e-m+fp/hard\libm.a
LOAD C:/ST/STM32CubeIDE_1.17.0/STM32CubeIDE/plugins/com.st.stm32cube.ide.mcu.externaltools.gnu-tools-for-stm32.12.3.rel1.win32_1.1.0.202410251130/tools/bin/../lib/gcc/arm-none-eabi/12.3.1/../../../../arm-none-eabi/lib/thumb/v7e-m+fp/hard\libc_nano.a
START GROUP
LOAD C:/ST/STM32CubeIDE_1.17.0/STM32CubeIDE/plugins/com.st.stm32cube.ide.mcu.externaltools.gnu-tools-for-stm32.12.3.rel1.win32_1.1.0.202410251130/tools/bin/../lib/gcc/arm-none-eabi/12.3.1/thumb/v7e-m+fp/hard\libgcc.a
LOAD C:/ST/STM32CubeIDE_1.17.0/STM32CubeIDE/plugins/com.st.stm32cube.ide.mcu.externaltools.gnu-tools-for-stm32.12.3.rel1.win32_1.1.0.202410251130/tools/bin/../lib/gcc/arm-none-eabi/12.3.1/../../../../arm-none-eabi/lib/thumb/v7e-m+fp/hard\libc_nano.a
END GROUP
START GROUP
LOAD C:/ST/STM32CubeIDE_1.17.0/STM32CubeIDE/plugins/com.st.stm32cube.ide.mcu.externaltools.gnu-tools-for-stm32.12.3.rel1.win32_1.1.0.202410251130/tools/bin/../lib/gcc/arm-none-eabi/12.3.1/thumb/v7e-m+fp/hard\libgcc.a
LOAD C:/ST/STM32CubeIDE_1.17.0/STM32CubeIDE/plugins/com.st.stm32cube.ide.mcu.externaltools.gnu-tools-for-stm32.12.3.rel1.win32_1.1.0.202410251130/tools/bin/../lib/gcc/arm-none-eabi/12.3.1/../../../../arm-none-eabi/lib/thumb/v7e-m+fp/hard\libc_nano.a
LOAD C:/ST/STM32CubeIDE_1.17.0/STM32CubeIDE/plugins/com.st.stm32cube.ide.mcu.externaltools.gnu-tools-for-stm32.12.3.rel1.win32_1.1.0.202410251130/tools/bin/../lib/gcc/arm-none-eabi/12.3.1/../../../../arm-none-eabi/lib/thumb/v7e-m+fp/hard\libnosys.a
END GROUP
START GROUP
LOAD C:/ST/STM32CubeIDE_1.17.0/STM32CubeIDE/plugins/com.st.stm32cube.ide.mcu.externaltools.gnu-tools-for-stm32.12.3.rel1.win32_1.1.0.202410251130/tools/bin/../lib/gcc/arm-none-eabi/12.3.1/thumb/v7e-m+fp/hard\libgcc.a
LOAD C:/ST/STM32CubeIDE_1.17.0/STM32CubeIDE/plugins/com.st.stm32cube.ide.mcu.externaltools.gnu-tools-for-stm32.12.3.rel1.win32_1.1.0.202410251130/tools/bin/../lib/gcc/arm-none-eabi/12.3.1/../../../../arm-none-eabi/lib/thumb/v7e-m+fp/hard\libc_nano.a
LOAD C:/ST/STM32CubeIDE_1.17.0/STM32CubeIDE/plugins/com.st.stm32cube.ide.mcu.externaltools.gnu-tools-for-stm32.12.3.rel1.win32_1.1.0.202410251130/tools/bin/../lib/gcc/arm-none-eabi/12.3.1/../../../../arm-none-eabi/lib/thumb/v7e-m+fp/hard\libnosys.a
END GROUP
LOAD C:/ST/STM32CubeIDE_1.17.0/STM32CubeIDE/plugins/com.st.stm32cube.ide.mcu.externaltools.gnu-tools-for-stm32.12.3.rel1.win32_1.1.0.202410251130/tools/bin/../lib/gcc/arm-none-eabi/12.3.1/thumb/v7e-m+fp/hard/crtend.o
LOAD C:/ST/STM32CubeIDE_1.17.0/STM32CubeIDE/plugins/com.st.stm32cube.ide.mcu.externaltools.gnu-tools-for-stm32.12.3.rel1.win32_1.1.0.202410251130/tools/bin/../lib/gcc/arm-none-eabi/12.3.1/thumb/v7e-m+fp/hard/crtn.o
                0x20020000                        _estack = (ORIGIN (RAM) + LENGTH (RAM))
                0x00000200                        _Min_Heap_Size = 0x200
                0x00000400                        _Min_Stack_Size = 0x400

.isr_vector     0x08000000      0x1c4
                0x08000000                        . = ALIGN (0x4)
 *(.isr_vector)
 .isr_vector    0x08000000      0x1c4 ./Core/Startup/startup_stm32f446retx.o
                0x08000000                g_pfnVectors
                0x080001c4                        . = ALIGN (0x4)

.text           0x080001d0    0x1c8c8
                0x080001d0                        . = ALIGN (0x4)
 *(.text)
 .text          0x080001d0       0x40 C:/ST/STM32CubeIDE_1.17.0/STM32CubeIDE/plugins/com.st.stm32cube.ide.mcu.externaltools.gnu-tools-for-stm32.12.3.rel1.win32_1.1.0.202410251130/tools/bin/../lib/gcc/arm-none-eabi/12.3.1/thumb/v7e-m+fp/hard/crtbegin.o
 .text          0x08000210       0xa0 C:/ST/STM32CubeIDE_1.17.0/STM32CubeIDE/plugins/com.st.stm32cube.ide.mcu.externaltools.gnu-tools-for-stm32.12.3.rel1.win32_1.1.0.202410251130/tools/bin/../lib/gcc/arm-none-eabi/12.3.1/../../../../arm-none-eabi/lib/thumb/v7e-m+fp/hard\libc_nano.a(libc_a-memchr.o)
                0x08000210                memchr
 .text          0x080002b0       0x30 C:/ST/STM32CubeIDE_1.17.0/STM32CubeIDE/plugins/com.st.stm32cube.ide.mcu.externaltools.gnu-tools-for-stm32.12.3.rel1.win32_1.1.0.202410251130/tools/bin/../lib/gcc/arm-none-eabi/12.3.1/thumb/v7e-m+fp/hard\libgcc.a(_aeabi_uldivmod.o)
                0x080002b0                __aeabi_uldivmod
 .text          0x080002e0      0x2bc C:/ST/STM32CubeIDE_1.17.0/STM32CubeIDE/plugins/com.st.stm32cube.ide.mcu.externaltools.gnu-tools-for-stm32.12.3.rel1.win32_1.1.0.202410251130/tools/bin/../lib/gcc/arm-none-eabi/12.3.1/thumb/v7e-m+fp/hard\libgcc.a(_udivmoddi4.o)
                0x080002e0                __udivmoddi4
 .text          0x0800059c        0x4 C:/ST/STM32CubeIDE_1.17.0/STM32CubeIDE/plugins/com.st.stm32cube.ide.mcu.externaltools.gnu-tools-for-stm32.12.3.rel1.win32_1.1.0.202410251130/tools/bin/../lib/gcc/arm-none-eabi/12.3.1/thumb/v7e-m+fp/hard\libgcc.a(_dvmd_tls.o)
                0x0800059c                __aeabi_idiv0
                0x0800059c                __aeabi_ldiv0
 *(.text*)
 .text.SystemClock_Config
                0x080005a0       0xa8 ./Core/Src/main.o
                0x080005a0                SystemClock_Config
 .text.startup.main
                0x08000648      0x41c ./Core/Src/main.o
                0x08000648                main
 .text.HAL_TIM_PeriodElapsedCallback
                0x08000a64       0x10 ./Core/Src/main.o
                0x08000a64                HAL_TIM_PeriodElapsedCallback
 .text.Error_Handler
                0x08000a74        0x4 ./Core/Src/main.o
                0x08000a74                Error_Handler
 .text.HAL_MspInit
                0x08000a78       0x38 ./Core/Src/stm32f4xx_hal_msp.o
                0x08000a78                HAL_MspInit
 .text.HAL_ADC_MspInit
                0x08000ab0       0x64 ./Core/Src/stm32f4xx_hal_msp.o
                0x08000ab0                HAL_ADC_MspInit
 .text.HAL_CRC_MspInit
                0x08000b14       0x30 ./Core/Src/stm32f4xx_hal_msp.o
                0x08000b14                HAL_CRC_MspInit
 .text.HAL_I2C_MspInit
                0x08000b44       0xa8 ./Core/Src/stm32f4xx_hal_msp.o
                0x08000b44                HAL_I2C_MspInit
 .text.HAL_SPI_MspInit
                0x08000bec       0xfc ./Core/Src/stm32f4xx_hal_msp.o
                0x08000bec                HAL_SPI_MspInit
 .text.HAL_TIM_Base_MspInit
                0x08000ce8       0x90 ./Core/Src/stm32f4xx_hal_msp.o
                0x08000ce8                HAL_TIM_Base_MspInit
 .text.HAL_TIM_MspPostInit
                0x08000d78       0x84 ./Core/Src/stm32f4xx_hal_msp.o
                0x08000d78                HAL_TIM_MspPostInit
 .text.NMI_Handler
                0x08000dfc        0x2 ./Core/Src/stm32f4xx_it.o
                0x08000dfc                NMI_Handler
 .text.HardFault_Handler
                0x08000dfe        0x2 ./Core/Src/stm32f4xx_it.o
                0x08000dfe                HardFault_Handler
 .text.MemManage_Handler
                0x08000e00        0x2 ./Core/Src/stm32f4xx_it.o
                0x08000e00                MemManage_Handler
 .text.BusFault_Handler
                0x08000e02        0x2 ./Core/Src/stm32f4xx_it.o
                0x08000e02                BusFault_Handler
 .text.UsageFault_Handler
                0x08000e04        0x2 ./Core/Src/stm32f4xx_it.o
                0x08000e04                UsageFault_Handler
 .text.SVC_Handler
                0x08000e06        0x2 ./Core/Src/stm32f4xx_it.o
                0x08000e06                SVC_Handler
 .text.DebugMon_Handler
                0x08000e08        0x2 ./Core/Src/stm32f4xx_it.o
                0x08000e08                DebugMon_Handler
 .text.PendSV_Handler
                0x08000e0a        0x2 ./Core/Src/stm32f4xx_it.o
                0x08000e0a                PendSV_Handler
 .text.SysTick_Handler
                0x08000e0c        0x4 ./Core/Src/stm32f4xx_it.o
                0x08000e0c                SysTick_Handler
 .text.DMA1_Stream4_IRQHandler
                0x08000e10        0xc ./Core/Src/stm32f4xx_it.o
                0x08000e10                DMA1_Stream4_IRQHandler
 .text.EXTI9_5_IRQHandler
                0x08000e1c       0x14 ./Core/Src/stm32f4xx_it.o
                0x08000e1c                EXTI9_5_IRQHandler
 .text.TIM3_IRQHandler
                0x08000e30        0xc ./Core/Src/stm32f4xx_it.o
                0x08000e30                TIM3_IRQHandler
 .text.TIM4_IRQHandler
                0x08000e3c        0xc ./Core/Src/stm32f4xx_it.o
                0x08000e3c                TIM4_IRQHandler
 .text.SPI2_IRQHandler
                0x08000e48        0xc ./Core/Src/stm32f4xx_it.o
                0x08000e48                SPI2_IRQHandler
 .text._getpid  0x08000e54        0x4 ./Core/Src/syscalls.o
                0x08000e54                _getpid
 .text._kill    0x08000e58       0x10 ./Core/Src/syscalls.o
                0x08000e58                _kill
 .text._exit    0x08000e68        0xc ./Core/Src/syscalls.o
                0x08000e68                _exit
 .text._read    0x08000e74       0x1c ./Core/Src/syscalls.o
                0x08000e74                _read
 .text._write   0x08000e90       0x1c ./Core/Src/syscalls.o
                0x08000e90                _write
 .text._close   0x08000eac        0x6 ./Core/Src/syscalls.o
                0x08000eac                _close
 .text._fstat   0x08000eb2        0xa ./Core/Src/syscalls.o
                0x08000eb2                _fstat
 .text._isatty  0x08000ebc        0x4 ./Core/Src/syscalls.o
                0x08000ebc                _isatty
 .text._lseek   0x08000ec0        0x4 ./Core/Src/syscalls.o
                0x08000ec0                _lseek
 .text._sbrk    0x08000ec4       0x40 ./Core/Src/sysmem.o
                0x08000ec4                _sbrk
 .text.SystemInit
                0x08000f04       0x14 ./Core/Src/system_stm32f4xx.o
                0x08000f04                SystemInit
 .text.Displ_Select
                0x08000f18       0x4c ./Core/Src/z_displ_ILI9XXX.o
                0x08000f18                Displ_Select
 .text.Displ_Transmit
                0x08000f64       0x7c ./Core/Src/z_displ_ILI9XXX.o
                0x08000f64                Displ_Transmit
 .text.Displ_WriteCommand
                0x08000fe0       0x1a ./Core/Src/z_displ_ILI9XXX.o
                0x08000fe0                Displ_WriteCommand
 .text.Displ_WriteData
                0x08000ffa       0x10 ./Core/Src/z_displ_ILI9XXX.o
                0x08000ffa                Displ_WriteData
 *fill*         0x0800100a        0x2 
 .text.ILI9XXX_Init
                0x0800100c       0x88 ./Core/Src/z_displ_ILI9XXX.o
                0x0800100c                ILI9XXX_Init
 .text.Displ_SetAddressWindow
                0x08001094       0x68 ./Core/Src/z_displ_ILI9XXX.o
                0x08001094                Displ_SetAddressWindow
 .text.Displ_Orientation
                0x080010fc       0x70 ./Core/Src/z_displ_ILI9XXX.o
                0x080010fc                Displ_Orientation
 .text.Displ_Init
                0x0800116c       0x30 ./Core/Src/z_displ_ILI9XXX.o
                0x0800116c                Displ_Init
 .text.HAL_SPI_ErrorCallback
                0x0800119c       0x18 ./Core/Src/z_displ_ILI9XXX.o
                0x0800119c                HAL_SPI_ErrorCallback
 .text.HAL_SPI_TxCpltCallback
                0x080011b4       0x1c ./Core/Src/z_displ_ILI9XXX.o
                0x080011b4                HAL_SPI_TxCpltCallback
 .text.Displ_BackLight
                0x080011d0       0x38 ./Core/Src/z_displ_ILI9XXX.o
                0x080011d0                Displ_BackLight
 .text.touchgfxDisplayDriverTransmitActive
                0x08001208       0x10 ./Core/Src/z_displ_ILI9XXX.o
                0x08001208                touchgfxDisplayDriverTransmitActive
 .text.touchgfxDisplayDriverTransmitBlock
                0x08001218       0x30 ./Core/Src/z_displ_ILI9XXX.o
                0x08001218                touchgfxDisplayDriverTransmitBlock
 .text.Touch_HandlePenDownInterrupt
                0x08001248       0x18 ./Core/Src/z_touch_XPT2046.o
                0x08001248                Touch_HandlePenDownInterrupt
 .text.HAL_GPIO_EXTI_Callback
                0x08001260        0xc ./Core/Src/z_touch_XPT2046.o
                0x08001260                HAL_GPIO_EXTI_Callback
 .text.Touch_Select
                0x0800126c       0x54 ./Core/Src/z_touch_XPT2046.o
                0x0800126c                Touch_Select
 .text.Touch_UnSelect
                0x080012c0       0x10 ./Core/Src/z_touch_XPT2046.o
                0x080012c0                Touch_UnSelect
 .text.Touch_PollAxis
                0x080012d0       0x64 ./Core/Src/z_touch_XPT2046.o
                0x080012d0                Touch_PollAxis
 .text.Touch_GetXYtouch
                0x08001334       0xfc ./Core/Src/z_touch_XPT2046.o
                0x08001334                Touch_GetXYtouch
 .text.Touch_TouchGFXSampleTouch
                0x08001430       0xc8 ./Core/Src/z_touch_XPT2046.o
                0x08001430                Touch_TouchGFXSampleTouch
 .text.Reset_Handler
                0x080014f8       0x50 ./Core/Startup/startup_stm32f446retx.o
                0x080014f8                Reset_Handler
 .text.Default_Handler
                0x08001548        0x2 ./Core/Startup/startup_stm32f446retx.o
                0x08001548                RTC_Alarm_IRQHandler
                0x08001548                EXTI2_IRQHandler
                0x08001548                TIM8_CC_IRQHandler
                0x08001548                FMPI2C1_EV_IRQHandler
                0x08001548                SPI4_IRQHandler
                0x08001548                TIM1_CC_IRQHandler
                0x08001548                DMA2_Stream5_IRQHandler
                0x08001548                DMA1_Stream5_IRQHandler
                0x08001548                PVD_IRQHandler
                0x08001548                SDIO_IRQHandler
                0x08001548                TAMP_STAMP_IRQHandler
                0x08001548                CAN2_RX1_IRQHandler
                0x08001548                EXTI3_IRQHandler
                0x08001548                TIM8_TRG_COM_TIM14_IRQHandler
                0x08001548                TIM1_UP_TIM10_IRQHandler
                0x08001548                TIM8_UP_TIM13_IRQHandler
                0x08001548                I2C3_ER_IRQHandler
                0x08001548                EXTI0_IRQHandler
                0x08001548                I2C2_EV_IRQHandler
                0x08001548                DMA1_Stream2_IRQHandler
                0x08001548                CAN1_RX0_IRQHandler
                0x08001548                FPU_IRQHandler
                0x08001548                OTG_HS_WKUP_IRQHandler
                0x08001548                CAN2_SCE_IRQHandler
                0x08001548                DMA2_Stream2_IRQHandler
                0x08001548                SPI1_IRQHandler
                0x08001548                TIM6_DAC_IRQHandler
                0x08001548                TIM1_BRK_TIM9_IRQHandler
                0x08001548                DCMI_IRQHandler
                0x08001548                CAN2_RX0_IRQHandler
                0x08001548                DMA2_Stream3_IRQHandler
                0x08001548                SAI2_IRQHandler
                0x08001548                USART6_IRQHandler
                0x08001548                USART3_IRQHandler
                0x08001548                CAN1_RX1_IRQHandler
                0x08001548                UART5_IRQHandler
                0x08001548                DMA2_Stream0_IRQHandler
                0x08001548                QUADSPI_IRQHandler
                0x08001548                I2C1_EV_IRQHandler
                0x08001548                DMA1_Stream6_IRQHandler
                0x08001548                DMA1_Stream1_IRQHandler
                0x08001548                UART4_IRQHandler
                0x08001548                RCC_IRQHandler
                0x08001548                TIM8_BRK_TIM12_IRQHandler
                0x08001548                Default_Handler
                0x08001548                CEC_IRQHandler
                0x08001548                EXTI15_10_IRQHandler
                0x08001548                ADC_IRQHandler
                0x08001548                DMA1_Stream7_IRQHandler
                0x08001548                TIM7_IRQHandler
                0x08001548                CAN2_TX_IRQHandler
                0x08001548                TIM5_IRQHandler
                0x08001548                DMA2_Stream7_IRQHandler
                0x08001548                I2C3_EV_IRQHandler
                0x08001548                RTC_WKUP_IRQHandler
                0x08001548                SPDIF_RX_IRQHandler
                0x08001548                OTG_HS_EP1_IN_IRQHandler
                0x08001548                DMA1_Stream0_IRQHandler
                0x08001548                CAN1_TX_IRQHandler
                0x08001548                FMPI2C1_ER_IRQHandler
                0x08001548                EXTI4_IRQHandler
                0x08001548                OTG_HS_EP1_OUT_IRQHandler
                0x08001548                WWDG_IRQHandler
                0x08001548                TIM2_IRQHandler
                0x08001548                OTG_FS_WKUP_IRQHandler
                0x08001548                TIM1_TRG_COM_TIM11_IRQHandler
                0x08001548                OTG_HS_IRQHandler
                0x08001548                EXTI1_IRQHandler
                0x08001548                USART2_IRQHandler
                0x08001548                I2C2_ER_IRQHandler
                0x08001548                DMA2_Stream1_IRQHandler
                0x08001548                CAN1_SCE_IRQHandler
                0x08001548                FLASH_IRQHandler
                0x08001548                DMA2_Stream4_IRQHandler
                0x08001548                USART1_IRQHandler
                0x08001548                OTG_FS_IRQHandler
                0x08001548                SPI3_IRQHandler
                0x08001548                I2C1_ER_IRQHandler
                0x08001548                FMC_IRQHandler
                0x08001548                DMA2_Stream6_IRQHandler
                0x08001548                SAI1_IRQHandler
                0x08001548                DMA1_Stream3_IRQHandler
 *fill*         0x0800154a        0x2 
 .text.HAL_InitTick
                0x0800154c       0x48 ./Drivers/STM32F4xx_HAL_Driver/Src/stm32f4xx_hal.o
                0x0800154c                HAL_InitTick
 .text.HAL_Init
                0x08001594       0x34 ./Drivers/STM32F4xx_HAL_Driver/Src/stm32f4xx_hal.o
                0x08001594                HAL_Init
 .text.HAL_IncTick
                0x080015c8       0x18 ./Drivers/STM32F4xx_HAL_Driver/Src/stm32f4xx_hal.o
                0x080015c8                HAL_IncTick
 .text.HAL_GetTick
                0x080015e0        0xc ./Drivers/STM32F4xx_HAL_Driver/Src/stm32f4xx_hal.o
                0x080015e0                HAL_GetTick
 .text.HAL_Delay
                0x080015ec       0x28 ./Drivers/STM32F4xx_HAL_Driver/Src/stm32f4xx_hal.o
                0x080015ec                HAL_Delay
 .text.HAL_ADC_Init
                0x08001614      0x14c ./Drivers/STM32F4xx_HAL_Driver/Src/stm32f4xx_hal_adc.o
                0x08001614                HAL_ADC_Init
 .text.HAL_ADC_ConfigChannel
                0x08001760      0x138 ./Drivers/STM32F4xx_HAL_Driver/Src/stm32f4xx_hal_adc.o
                0x08001760                HAL_ADC_ConfigChannel
 .text.HAL_NVIC_SetPriorityGrouping
                0x08001898       0x24 ./Drivers/STM32F4xx_HAL_Driver/Src/stm32f4xx_hal_cortex.o
                0x08001898                HAL_NVIC_SetPriorityGrouping
 .text.HAL_NVIC_SetPriority
                0x080018bc       0x64 ./Drivers/STM32F4xx_HAL_Driver/Src/stm32f4xx_hal_cortex.o
                0x080018bc                HAL_NVIC_SetPriority
 .text.HAL_NVIC_EnableIRQ
                0x08001920       0x1c ./Drivers/STM32F4xx_HAL_Driver/Src/stm32f4xx_hal_cortex.o
                0x08001920                HAL_NVIC_EnableIRQ
 .text.HAL_NVIC_DisableIRQ
                0x0800193c       0x24 ./Drivers/STM32F4xx_HAL_Driver/Src/stm32f4xx_hal_cortex.o
                0x0800193c                HAL_NVIC_DisableIRQ
 .text.HAL_SYSTICK_Config
                0x08001960       0x28 ./Drivers/STM32F4xx_HAL_Driver/Src/stm32f4xx_hal_cortex.o
                0x08001960                HAL_SYSTICK_Config
 .text.HAL_NVIC_ClearPendingIRQ
                0x08001988       0x1c ./Drivers/STM32F4xx_HAL_Driver/Src/stm32f4xx_hal_cortex.o
                0x08001988                HAL_NVIC_ClearPendingIRQ
 .text.HAL_CRC_Init
                0x080019a4       0x20 ./Drivers/STM32F4xx_HAL_Driver/Src/stm32f4xx_hal_crc.o
                0x080019a4                HAL_CRC_Init
 .text.DMA_CalcBaseAndBitshift
                0x080019c4       0x2c ./Drivers/STM32F4xx_HAL_Driver/Src/stm32f4xx_hal_dma.o
 .text.HAL_DMA_Init
                0x080019f0       0xfc ./Drivers/STM32F4xx_HAL_Driver/Src/stm32f4xx_hal_dma.o
                0x080019f0                HAL_DMA_Init
 .text.HAL_DMA_Start_IT
                0x08001aec       0x72 ./Drivers/STM32F4xx_HAL_Driver/Src/stm32f4xx_hal_dma.o
                0x08001aec                HAL_DMA_Start_IT
 .text.HAL_DMA_Abort_IT
                0x08001b5e       0x24 ./Drivers/STM32F4xx_HAL_Driver/Src/stm32f4xx_hal_dma.o
                0x08001b5e                HAL_DMA_Abort_IT
 *fill*         0x08001b82        0x2 
 .text.HAL_DMA_IRQHandler
                0x08001b84      0x17c ./Drivers/STM32F4xx_HAL_Driver/Src/stm32f4xx_hal_dma.o
                0x08001b84                HAL_DMA_IRQHandler
 .text.HAL_GPIO_Init
                0x08001d00      0x1a4 ./Drivers/STM32F4xx_HAL_Driver/Src/stm32f4xx_hal_gpio.o
                0x08001d00                HAL_GPIO_Init
 .text.HAL_GPIO_ReadPin
                0x08001ea4        0xc ./Drivers/STM32F4xx_HAL_Driver/Src/stm32f4xx_hal_gpio.o
                0x08001ea4                HAL_GPIO_ReadPin
 .text.HAL_GPIO_WritePin
                0x08001eb0        0xa ./Drivers/STM32F4xx_HAL_Driver/Src/stm32f4xx_hal_gpio.o
                0x08001eb0                HAL_GPIO_WritePin
 .text.HAL_GPIO_TogglePin
                0x08001eba       0x12 ./Drivers/STM32F4xx_HAL_Driver/Src/stm32f4xx_hal_gpio.o
                0x08001eba                HAL_GPIO_TogglePin
 .text.HAL_GPIO_EXTI_IRQHandler
                0x08001ecc       0x18 ./Drivers/STM32F4xx_HAL_Driver/Src/stm32f4xx_hal_gpio.o
                0x08001ecc                HAL_GPIO_EXTI_IRQHandler
 .text.HAL_I2C_Init
                0x08001ee4      0x150 ./Drivers/STM32F4xx_HAL_Driver/Src/stm32f4xx_hal_i2c.o
                0x08001ee4                HAL_I2C_Init
 .text.HAL_PWREx_EnableOverDrive
                0x08002034       0x74 ./Drivers/STM32F4xx_HAL_Driver/Src/stm32f4xx_hal_pwr_ex.o
                0x08002034                HAL_PWREx_EnableOverDrive
 .text.HAL_RCC_ClockConfig
                0x080020a8      0x134 ./Drivers/STM32F4xx_HAL_Driver/Src/stm32f4xx_hal_rcc.o
                0x080020a8                HAL_RCC_ClockConfig
 .text.HAL_RCC_GetPCLK1Freq
                0x080021dc       0x20 ./Drivers/STM32F4xx_HAL_Driver/Src/stm32f4xx_hal_rcc.o
                0x080021dc                HAL_RCC_GetPCLK1Freq
 .text.HAL_RCC_GetSysClockFreq
                0x080021fc       0x90 ./Drivers/STM32F4xx_HAL_Driver/Src/stm32f4xx_hal_rcc_ex.o
                0x080021fc                HAL_RCC_GetSysClockFreq
 .text.HAL_RCC_OscConfig
                0x0800228c      0x39c ./Drivers/STM32F4xx_HAL_Driver/Src/stm32f4xx_hal_rcc_ex.o
                0x0800228c                HAL_RCC_OscConfig
 .text.SPI_WaitFlagStateUntilTimeout
                0x08002628       0xb8 ./Drivers/STM32F4xx_HAL_Driver/Src/stm32f4xx_hal_spi.o
 .text.SPI_EndRxTxTransaction
                0x080026e0       0x78 ./Drivers/STM32F4xx_HAL_Driver/Src/stm32f4xx_hal_spi.o
 .text.SPI_EndRxTransaction
                0x08002758       0x5c ./Drivers/STM32F4xx_HAL_Driver/Src/stm32f4xx_hal_spi.o
 .text.HAL_SPI_Init
                0x080027b4       0xb8 ./Drivers/STM32F4xx_HAL_Driver/Src/stm32f4xx_hal_spi.o
                0x080027b4                HAL_SPI_Init
 .text.HAL_SPI_Transmit
                0x0800286c      0x160 ./Drivers/STM32F4xx_HAL_Driver/Src/stm32f4xx_hal_spi.o
                0x0800286c                HAL_SPI_Transmit
 .text.HAL_SPI_TransmitReceive
                0x080029cc      0x1f8 ./Drivers/STM32F4xx_HAL_Driver/Src/stm32f4xx_hal_spi.o
                0x080029cc                HAL_SPI_TransmitReceive
 .text.HAL_SPI_Receive
                0x08002bc4      0x148 ./Drivers/STM32F4xx_HAL_Driver/Src/stm32f4xx_hal_spi.o
                0x08002bc4                HAL_SPI_Receive
 .text.HAL_SPI_Transmit_DMA
                0x08002d0c       0xc0 ./Drivers/STM32F4xx_HAL_Driver/Src/stm32f4xx_hal_spi.o
                0x08002d0c                HAL_SPI_Transmit_DMA
 .text.HAL_SPI_TxHalfCpltCallback
                0x08002dcc        0x2 ./Drivers/STM32F4xx_HAL_Driver/Src/stm32f4xx_hal_spi.o
                0x08002dcc                HAL_SPI_TxHalfCpltCallback
 .text.SPI_DMAHalfTransmitCplt
                0x08002dce        0xa ./Drivers/STM32F4xx_HAL_Driver/Src/stm32f4xx_hal_spi.o
 .text.SPI_DMAError
                0x08002dd8       0x22 ./Drivers/STM32F4xx_HAL_Driver/Src/stm32f4xx_hal_spi.o
 .text.SPI_DMATransmitCplt
                0x08002dfa       0x6a ./Drivers/STM32F4xx_HAL_Driver/Src/stm32f4xx_hal_spi.o
 .text.HAL_SPI_IRQHandler
                0x08002e64       0xfc ./Drivers/STM32F4xx_HAL_Driver/Src/stm32f4xx_hal_spi.o
                0x08002e64                HAL_SPI_IRQHandler
 .text.SPI_DMAAbortOnError
                0x08002f60       0x10 ./Drivers/STM32F4xx_HAL_Driver/Src/stm32f4xx_hal_spi.o
 .text.TIM_OC1_SetConfig
                0x08002f70       0x64 ./Drivers/STM32F4xx_HAL_Driver/Src/stm32f4xx_hal_tim.o
 .text.TIM_OC3_SetConfig
                0x08002fd4       0x6c ./Drivers/STM32F4xx_HAL_Driver/Src/stm32f4xx_hal_tim.o
 .text.TIM_OC4_SetConfig
                0x08003040       0x4c ./Drivers/STM32F4xx_HAL_Driver/Src/stm32f4xx_hal_tim.o
 .text.HAL_TIM_Base_Start_IT
                0x0800308c       0x74 ./Drivers/STM32F4xx_HAL_Driver/Src/stm32f4xx_hal_tim.o
                0x0800308c                HAL_TIM_Base_Start_IT
 .text.HAL_TIM_PWM_MspInit
                0x08003100        0x2 ./Drivers/STM32F4xx_HAL_Driver/Src/stm32f4xx_hal_tim.o
                0x08003100                HAL_TIM_PWM_MspInit
 .text.HAL_TIM_OC_DelayElapsedCallback
                0x08003102        0x2 ./Drivers/STM32F4xx_HAL_Driver/Src/stm32f4xx_hal_tim.o
                0x08003102                HAL_TIM_OC_DelayElapsedCallback
 .text.HAL_TIM_IC_CaptureCallback
                0x08003104        0x2 ./Drivers/STM32F4xx_HAL_Driver/Src/stm32f4xx_hal_tim.o
                0x08003104                HAL_TIM_IC_CaptureCallback
 .text.HAL_TIM_PWM_PulseFinishedCallback
                0x08003106        0x2 ./Drivers/STM32F4xx_HAL_Driver/Src/stm32f4xx_hal_tim.o
                0x08003106                HAL_TIM_PWM_PulseFinishedCallback
 .text.HAL_TIM_TriggerCallback
                0x08003108        0x2 ./Drivers/STM32F4xx_HAL_Driver/Src/stm32f4xx_hal_tim.o
                0x08003108                HAL_TIM_TriggerCallback
 .text.HAL_TIM_IRQHandler
                0x0800310a      0x128 ./Drivers/STM32F4xx_HAL_Driver/Src/stm32f4xx_hal_tim.o
                0x0800310a                HAL_TIM_IRQHandler
 *fill*         0x08003232        0x2 
 .text.TIM_Base_SetConfig
                0x08003234       0xd8 ./Drivers/STM32F4xx_HAL_Driver/Src/stm32f4xx_hal_tim.o
                0x08003234                TIM_Base_SetConfig
 .text.HAL_TIM_Base_Init
                0x0800330c       0x58 ./Drivers/STM32F4xx_HAL_Driver/Src/stm32f4xx_hal_tim.o
                0x0800330c                HAL_TIM_Base_Init
 .text.HAL_TIM_PWM_Init
                0x08003364       0x58 ./Drivers/STM32F4xx_HAL_Driver/Src/stm32f4xx_hal_tim.o
                0x08003364                HAL_TIM_PWM_Init
 .text.TIM_OC2_SetConfig
                0x080033bc       0x6c ./Drivers/STM32F4xx_HAL_Driver/Src/stm32f4xx_hal_tim.o
                0x080033bc                TIM_OC2_SetConfig
 .text.HAL_TIM_PWM_ConfigChannel
                0x08003428       0xb0 ./Drivers/STM32F4xx_HAL_Driver/Src/stm32f4xx_hal_tim.o
                0x08003428                HAL_TIM_PWM_ConfigChannel
 .text.TIM_ETR_SetConfig
                0x080034d8       0x14 ./Drivers/STM32F4xx_HAL_Driver/Src/stm32f4xx_hal_tim.o
                0x080034d8                TIM_ETR_SetConfig
 .text.HAL_TIM_ConfigClockSource
                0x080034ec      0x132 ./Drivers/STM32F4xx_HAL_Driver/Src/stm32f4xx_hal_tim.o
                0x080034ec                HAL_TIM_ConfigClockSource
 .text.TIM_CCxChannelCmd
                0x0800361e       0x1c ./Drivers/STM32F4xx_HAL_Driver/Src/stm32f4xx_hal_tim.o
                0x0800361e                TIM_CCxChannelCmd
 *fill*         0x0800363a        0x2 
 .text.HAL_TIM_OC_Start
                0x0800363c       0xc8 ./Drivers/STM32F4xx_HAL_Driver/Src/stm32f4xx_hal_tim.o
                0x0800363c                HAL_TIM_OC_Start
 .text.HAL_TIM_PWM_Start
                0x08003704        0x4 ./Drivers/STM32F4xx_HAL_Driver/Src/stm32f4xx_hal_tim.o
                0x08003704                HAL_TIM_PWM_Start
 .text.HAL_TIMEx_MasterConfigSynchronization
                0x08003708       0x7c ./Drivers/STM32F4xx_HAL_Driver/Src/stm32f4xx_hal_tim_ex.o
                0x08003708                HAL_TIMEx_MasterConfigSynchronization
 .text.HAL_TIMEx_CommutCallback
                0x08003784        0x2 ./Drivers/STM32F4xx_HAL_Driver/Src/stm32f4xx_hal_tim_ex.o
                0x08003784                HAL_TIMEx_CommutCallback
 .text.HAL_TIMEx_BreakCallback
                0x08003786        0x2 ./Drivers/STM32F4xx_HAL_Driver/Src/stm32f4xx_hal_tim_ex.o
                0x08003786                HAL_TIMEx_BreakCallback
 .text.MX_TouchGFX_Init
                0x08003788        0xe ./TouchGFX/App/app_touchgfx.o
                0x08003788                MX_TouchGFX_Init
 .text.MX_TouchGFX_Process
                0x08003796        0x4 ./TouchGFX/App/app_touchgfx.o
                0x08003796                MX_TouchGFX_Process
 .text._ZN23ApplicationFontProviderD2Ev
                0x0800379a        0x2 ./TouchGFX/generated/fonts/src/ApplicationFontProvider.o
                0x0800379a                ApplicationFontProvider::~ApplicationFontProvider()
                0x0800379a                ApplicationFontProvider::~ApplicationFontProvider()
 .text._ZN23ApplicationFontProviderD0Ev
                0x0800379c        0xe ./TouchGFX/generated/fonts/src/ApplicationFontProvider.o
                0x0800379c                ApplicationFontProvider::~ApplicationFontProvider()
 .text._ZN23ApplicationFontProvider7getFontEt
                0x080037aa       0x1c ./TouchGFX/generated/fonts/src/ApplicationFontProvider.o
                0x080037aa                ApplicationFontProvider::getFont(unsigned short)
 .text._ZNK8touchgfx4Font8getGlyphEt
                0x080037c6       0x20 ./TouchGFX/generated/fonts/src/CachedFont.o
                0x080037c6                touchgfx::Font::getGlyph(unsigned short) const
 .text._ZNK8touchgfx4Font15getFallbackCharEv
                0x080037e6        0x4 ./TouchGFX/generated/fonts/src/CachedFont.o
                0x080037e6                touchgfx::Font::getFallbackChar() const
 .text._ZNK8touchgfx4Font15getEllipsisCharEv
                0x080037ea        0x4 ./TouchGFX/generated/fonts/src/CachedFont.o
                0x080037ea                touchgfx::Font::getEllipsisChar() const
 .text._ZNK8touchgfx4Font11getBaselineEv
                0x080037ee        0x4 ./TouchGFX/generated/fonts/src/CachedFont.o
                0x080037ee                touchgfx::Font::getBaseline() const
 .text._ZNK8touchgfx4Font9getHeightEv
                0x080037f2        0x4 ./TouchGFX/generated/fonts/src/CachedFont.o
                0x080037f2                touchgfx::Font::getHeight() const
 .text._ZNK8touchgfx4Font15getBitsPerPixelEv
                0x080037f6        0x8 ./TouchGFX/generated/fonts/src/CachedFont.o
                0x080037f6                touchgfx::Font::getBitsPerPixel() const
 .text._ZNK8touchgfx4Font15getByteAlignRowEv
                0x080037fe        0x6 ./TouchGFX/generated/fonts/src/CachedFont.o
                0x080037fe                touchgfx::Font::getByteAlignRow() const
 .text._ZNK8touchgfx4Font17isVectorBasedFontEv
                0x08003804        0x4 ./TouchGFX/generated/fonts/src/CachedFont.o
                0x08003804                touchgfx::Font::isVectorBasedFont() const
 .text._ZNK8touchgfx4Font14getScaleFactorEv
                0x08003808        0xc ./TouchGFX/generated/fonts/src/CachedFont.o
                0x08003808                touchgfx::Font::getScaleFactor() const
 .text._ZN8touchgfx9TypedTextD2Ev
                0x08003814        0x2 ./TouchGFX/generated/fonts/src/FontCache.o
                0x08003814                touchgfx::TypedText::~TypedText()
                0x08003814                touchgfx::TypedText::~TypedText()
 .text._ZN8touchgfx9TypedTextD0Ev
                0x08003816        0xe ./TouchGFX/generated/fonts/src/FontCache.o
                0x08003816                touchgfx::TypedText::~TypedText()
 .text._ZNK8touchgfx13GeneratedFont12getGSUBTableEv
                0x08003824        0x4 ./TouchGFX/generated/fonts/src/GeneratedFont.o
                0x08003824                touchgfx::GeneratedFont::getGSUBTable() const
 .text._ZNK8touchgfx13GeneratedFont23getContextualFormsTableEv
                0x08003828        0x4 ./TouchGFX/generated/fonts/src/GeneratedFont.o
                0x08003828                touchgfx::GeneratedFont::getContextualFormsTable() const
 .text._ZN8touchgfx13GeneratedFontD2Ev
                0x0800382c        0x2 ./TouchGFX/generated/fonts/src/GeneratedFont.o
                0x0800382c                touchgfx::GeneratedFont::~GeneratedFont()
                0x0800382c                touchgfx::GeneratedFont::~GeneratedFont()
 .text._ZNK8touchgfx13GeneratedFont12getPixelDataEPKNS_9GlyphNodeE
                0x0800382e       0x10 ./TouchGFX/generated/fonts/src/GeneratedFont.o
                0x0800382e                touchgfx::GeneratedFont::getPixelData(touchgfx::GlyphNode const*) const
 .text._ZNK8touchgfx13GeneratedFont10getKerningEtPKNS_9GlyphNodeE
                0x0800383e       0x3a ./TouchGFX/generated/fonts/src/GeneratedFont.o
                0x0800383e                touchgfx::GeneratedFont::getKerning(unsigned short, touchgfx::GlyphNode const*) const
 .text._ZN8touchgfx13GeneratedFontD0Ev
                0x08003878        0xe ./TouchGFX/generated/fonts/src/GeneratedFont.o
                0x08003878                touchgfx::GeneratedFont::~GeneratedFont()
 *fill*         0x08003886        0x2 
 .text._ZN8touchgfx13GeneratedFontC2EPKNS_9GlyphNodeEttthhhhhhPKPKhPKNS_11KerningNodeEttPKtPKNS_24FontContextualFormsTableE
                0x08003888       0x60 ./TouchGFX/generated/fonts/src/GeneratedFont.o
                0x08003888                touchgfx::GeneratedFont::GeneratedFont(touchgfx::GlyphNode const*, unsigned short, unsigned short, unsigned short, unsigned char, unsigned char, unsigned char, unsigned char, unsigned char, unsigned char, unsigned char const* const*, touchgfx::KerningNode const*, unsigned short, unsigned short, unsigned short const*, touchgfx::FontContextualFormsTable const*)
                0x08003888                touchgfx::GeneratedFont::GeneratedFont(touchgfx::GlyphNode const*, unsigned short, unsigned short, unsigned short, unsigned char, unsigned char, unsigned char, unsigned char, unsigned char, unsigned char, unsigned char const* const*, touchgfx::KerningNode const*, unsigned short, unsigned short, unsigned short const*, touchgfx::FontContextualFormsTable const*)
 .text.__tcf_0  0x080038e8        0x2 ./TouchGFX/generated/fonts/src/Table_Asap_Regular_80_4bpp.o
 *fill*         0x080038ea        0x2 
 .text._Z28getFont_Asap_Regular_80_4bppv
                0x080038ec       0x74 ./TouchGFX/generated/fonts/src/Table_Asap_Regular_80_4bpp.o
                0x080038ec                getFont_Asap_Regular_80_4bpp()
 .text.__tcf_0  0x08003960        0x2 ./TouchGFX/generated/fonts/src/Table_verdana_30_4bpp.o
 *fill*         0x08003962        0x2 
 .text._Z23getFont_verdana_30_4bppv
                0x08003964       0x78 ./TouchGFX/generated/fonts/src/Table_verdana_30_4bpp.o
                0x08003964                getFont_verdana_30_4bpp()
 .text._ZN8touchgfx11Application19changeToStartScreenEv
                0x080039dc        0x2 ./TouchGFX/generated/gui_generated/src/common/FrontendApplicationBase.o
                0x080039dc                touchgfx::Application::changeToStartScreen()
 .text._ZN8touchgfx11Application15appSwitchScreenEh
                0x080039de        0x2 ./TouchGFX/generated/gui_generated/src/common/FrontendApplicationBase.o
                0x080039de                touchgfx::Application::appSwitchScreen(unsigned char)
 .text._ZN8touchgfx11Application13requestRedrawERNS_4RectE
                0x080039e0        0xc ./TouchGFX/generated/gui_generated/src/common/FrontendApplicationBase.o
                0x080039e0                touchgfx::Application::requestRedraw(touchgfx::Rect&)
 .text._ZN8touchgfx10Transition8tearDownEv
                0x080039ec        0x2 ./TouchGFX/generated/gui_generated/src/common/FrontendApplicationBase.o
                0x080039ec                touchgfx::Transition::tearDown()
 .text._ZN8touchgfx10Transition4initEv
                0x080039ee        0x2 ./TouchGFX/generated/gui_generated/src/common/FrontendApplicationBase.o
                0x080039ee                touchgfx::Transition::init()
 .text._ZN8touchgfx10Transition18setScreenContainerERNS_9ContainerE
                0x080039f0        0x4 ./TouchGFX/generated/gui_generated/src/common/FrontendApplicationBase.o
                0x080039f0                touchgfx::Transition::setScreenContainer(touchgfx::Container&)
 .text._ZN23FrontendApplicationBaseD2Ev
                0x080039f4        0x2 ./TouchGFX/generated/gui_generated/src/common/FrontendApplicationBase.o
                0x080039f4                FrontendApplicationBase::~FrontendApplicationBase()
                0x080039f4                FrontendApplicationBase::~FrontendApplicationBase()
 *fill*         0x080039f6        0x2 
 .text._ZN23FrontendApplicationBase19changeToStartScreenEv
                0x080039f8       0x20 ./TouchGFX/generated/gui_generated/src/common/FrontendApplicationBase.o
                0x080039f8                FrontendApplicationBase::changeToStartScreen()
 .text._ZN8touchgfx12NoTransition15handleTickEventEv
                0x08003a18        0x6 ./TouchGFX/generated/gui_generated/src/common/FrontendApplicationBase.o
                0x08003a18                touchgfx::NoTransition::handleTickEvent()
 .text._ZN8touchgfx12NoTransitionD2Ev
                0x08003a1e        0x2 ./TouchGFX/generated/gui_generated/src/common/FrontendApplicationBase.o
                0x08003a1e                touchgfx::NoTransition::~NoTransition()
                0x08003a1e                touchgfx::NoTransition::~NoTransition()
 .text._ZN8touchgfx8CallbackI23FrontendApplicationBasevvvED2Ev
                0x08003a20        0x2 ./TouchGFX/generated/gui_generated/src/common/FrontendApplicationBase.o
                0x08003a20                touchgfx::Callback<FrontendApplicationBase, void, void, void>::~Callback()
                0x08003a20                touchgfx::Callback<FrontendApplicationBase, void, void, void>::~Callback()
 .text._ZN8touchgfx8CallbackI23FrontendApplicationBasevvvE7executeEv
                0x08003a22       0x20 ./TouchGFX/generated/gui_generated/src/common/FrontendApplicationBase.o
                0x08003a22                touchgfx::Callback<FrontendApplicationBase, void, void, void>::execute()
 .text._ZNK8touchgfx8CallbackI23FrontendApplicationBasevvvE7isValidEv
                0x08003a42       0x16 ./TouchGFX/generated/gui_generated/src/common/FrontendApplicationBase.o
                0x08003a42                touchgfx::Callback<FrontendApplicationBase, void, void, void>::isValid() const
 .text._ZN8touchgfx12NoTransitionD0Ev
                0x08003a58        0xe ./TouchGFX/generated/gui_generated/src/common/FrontendApplicationBase.o
                0x08003a58                touchgfx::NoTransition::~NoTransition()
 .text._ZN8touchgfx8CallbackI23FrontendApplicationBasevvvED0Ev
                0x08003a66        0xe ./TouchGFX/generated/gui_generated/src/common/FrontendApplicationBase.o
                0x08003a66                touchgfx::Callback<FrontendApplicationBase, void, void, void>::~Callback()
 .text._ZN23FrontendApplicationBaseD0Ev
                0x08003a74       0x10 ./TouchGFX/generated/gui_generated/src/common/FrontendApplicationBase.o
                0x08003a74                FrontendApplicationBase::~FrontendApplicationBase()
 .text._ZN8touchgfx10Transition10invalidateEv
                0x08003a84       0x10 ./TouchGFX/generated/gui_generated/src/common/FrontendApplicationBase.o
                0x08003a84                touchgfx::Transition::invalidate()
 .text._ZN8touchgfx14MVPApplication29handlePendingScreenTransitionEv
                0x08003a94       0x24 ./TouchGFX/generated/gui_generated/src/common/FrontendApplicationBase.o
                0x08003a94                touchgfx::MVPApplication::handlePendingScreenTransition()
 .text._ZN8touchgfx3HAL3lcdEv
                0x08003ab8       0x18 ./TouchGFX/generated/gui_generated/src/common/FrontendApplicationBase.o
                0x08003ab8                touchgfx::HAL::lcd()
 .text._ZN23FrontendApplicationBaseC2ER5ModelR12FrontendHeap
                0x08003ad0       0x68 ./TouchGFX/generated/gui_generated/src/common/FrontendApplicationBase.o
                0x08003ad0                FrontendApplicationBase::FrontendApplicationBase(Model&, FrontendHeap&)
                0x08003ad0                FrontendApplicationBase::FrontendApplicationBase(Model&, FrontendHeap&)
 .text._ZN23FrontendApplicationBase37gotohumidity_screenScreenNoTransitionEv
                0x08003b38       0x20 ./TouchGFX/generated/gui_generated/src/common/FrontendApplicationBase.o
                0x08003b38                FrontendApplicationBase::gotohumidity_screenScreenNoTransition()
 .text._ZN23FrontendApplicationBase40gototemperature_screenScreenNoTransitionEv
                0x08003b58       0x20 ./TouchGFX/generated/gui_generated/src/common/FrontendApplicationBase.o
                0x08003b58                FrontendApplicationBase::gototemperature_screenScreenNoTransition()
 .text._ZN23FrontendApplicationBase34gotolight_screenScreenNoTransitionEv
                0x08003b78       0x20 ./TouchGFX/generated/gui_generated/src/common/FrontendApplicationBase.o
                0x08003b78                FrontendApplicationBase::gotolight_screenScreenNoTransition()
 .text._ZN23FrontendApplicationBase26gotoMainScreenNoTransitionEv
                0x08003b98       0x20 ./TouchGFX/generated/gui_generated/src/common/FrontendApplicationBase.o
                0x08003b98                FrontendApplicationBase::gotoMainScreenNoTransition()
 .text._ZN8touchgfx17AbstractPartition2atINS_12NoTransitionEEERT_t
                0x08003bb8        0x6 ./TouchGFX/generated/gui_generated/src/common/FrontendApplicationBase.o
                0x08003bb8                touchgfx::NoTransition& touchgfx::AbstractPartition::at<touchgfx::NoTransition>(unsigned short)
 *fill*         0x08003bbe        0x2 
 .text._ZN23FrontendApplicationBase30gotoMainScreenNoTransitionImplEv
                0x08003bc0      0x148 ./TouchGFX/generated/gui_generated/src/common/FrontendApplicationBase.o
                0x08003bc0                FrontendApplicationBase::gotoMainScreenNoTransitionImpl()
 .text._ZN23FrontendApplicationBase38gotolight_screenScreenNoTransitionImplEv
                0x08003d08      0x148 ./TouchGFX/generated/gui_generated/src/common/FrontendApplicationBase.o
                0x08003d08                FrontendApplicationBase::gotolight_screenScreenNoTransitionImpl()
 .text._ZN23FrontendApplicationBase44gototemperature_screenScreenNoTransitionImplEv
                0x08003e50      0x148 ./TouchGFX/generated/gui_generated/src/common/FrontendApplicationBase.o
                0x08003e50                FrontendApplicationBase::gototemperature_screenScreenNoTransitionImpl()
 .text._ZN23FrontendApplicationBase41gotohumidity_screenScreenNoTransitionImplEv
                0x08003f98      0x148 ./TouchGFX/generated/gui_generated/src/common/FrontendApplicationBase.o
                0x08003f98                FrontendApplicationBase::gotohumidity_screenScreenNoTransitionImpl()
 .text._ZN8touchgfx8Drawable13getFirstChildEv
                0x080040e0        0x4 ./TouchGFX/generated/gui_generated/src/humidity_screen_screen/humidity_screenViewBase.o
                0x080040e0                touchgfx::Drawable::getFirstChild()
 .text._ZN8touchgfx8Drawable4setXEs
                0x080040e4        0x4 ./TouchGFX/generated/gui_generated/src/humidity_screen_screen/humidity_screenViewBase.o
                0x080040e4                touchgfx::Drawable::setX(short)
 .text._ZN8touchgfx8Drawable4setYEs
                0x080040e8        0x4 ./TouchGFX/generated/gui_generated/src/humidity_screen_screen/humidity_screenViewBase.o
                0x080040e8                touchgfx::Drawable::setY(short)
 .text._ZN8touchgfx8Drawable8setWidthEs
                0x080040ec        0x4 ./TouchGFX/generated/gui_generated/src/humidity_screen_screen/humidity_screenViewBase.o
                0x080040ec                touchgfx::Drawable::setWidth(short)
 .text._ZN8touchgfx8Drawable9setHeightEs
                0x080040f0        0x4 ./TouchGFX/generated/gui_generated/src/humidity_screen_screen/humidity_screenViewBase.o
                0x080040f0                touchgfx::Drawable::setHeight(short)
 .text._ZN8touchgfx8Drawable20childGeometryChangedEv
                0x080040f4        0x2 ./TouchGFX/generated/gui_generated/src/humidity_screen_screen/humidity_screenViewBase.o
                0x080040f4                touchgfx::Drawable::childGeometryChanged()
 .text._ZN8touchgfx8Drawable16handleClickEventERKNS_10ClickEventE
                0x080040f6        0x2 ./TouchGFX/generated/gui_generated/src/humidity_screen_screen/humidity_screenViewBase.o
                0x080040f6                touchgfx::Drawable::handleClickEvent(touchgfx::ClickEvent const&)
 .text._ZN8touchgfx8Drawable18handleGestureEventERKNS_12GestureEventE
                0x080040f8        0x2 ./TouchGFX/generated/gui_generated/src/humidity_screen_screen/humidity_screenViewBase.o
                0x080040f8                touchgfx::Drawable::handleGestureEvent(touchgfx::GestureEvent const&)
 .text._ZN8touchgfx8Drawable15handleDragEventERKNS_9DragEventE
                0x080040fa        0x2 ./TouchGFX/generated/gui_generated/src/humidity_screen_screen/humidity_screenViewBase.o
                0x080040fa                touchgfx::Drawable::handleDragEvent(touchgfx::DragEvent const&)
 .text._ZN8touchgfx8Drawable15handleTickEventEv
                0x080040fc        0x2 ./TouchGFX/generated/gui_generated/src/humidity_screen_screen/humidity_screenViewBase.o
                0x080040fc                touchgfx::Drawable::handleTickEvent()
 .text._ZN8touchgfx8Drawable6moveToEss
                0x080040fe       0x18 ./TouchGFX/generated/gui_generated/src/humidity_screen_screen/humidity_screenViewBase.o
                0x080040fe                touchgfx::Drawable::moveTo(short, short)
 .text._ZN8touchgfx8Drawable14setupDrawChainERKNS_4RectEPPS0_
                0x08004116       0x14 ./TouchGFX/generated/gui_generated/src/humidity_screen_screen/humidity_screenViewBase.o
                0x08004116                touchgfx::Drawable::setupDrawChain(touchgfx::Rect const&, touchgfx::Drawable**)
 .text._ZN8touchgfx9Container13getFirstChildEv
                0x0800412a        0x4 ./TouchGFX/generated/gui_generated/src/humidity_screen_screen/humidity_screenViewBase.o
                0x0800412a                touchgfx::Container::getFirstChild()
 .text._ZN8touchgfx6Screen11setupScreenEv
                0x0800412e        0x2 ./TouchGFX/generated/gui_generated/src/humidity_screen_screen/humidity_screenViewBase.o
                0x0800412e                touchgfx::Screen::setupScreen()
 .text._ZN8touchgfx6Screen15afterTransitionEv
                0x08004130        0x2 ./TouchGFX/generated/gui_generated/src/humidity_screen_screen/humidity_screenViewBase.o
                0x08004130                touchgfx::Screen::afterTransition()
 .text._ZN8touchgfx6Screen14tearDownScreenEv
                0x08004132        0x2 ./TouchGFX/generated/gui_generated/src/humidity_screen_screen/humidity_screenViewBase.o
                0x08004132                touchgfx::Screen::tearDownScreen()
 .text._ZN8touchgfx6Screen15handleTickEventEv
                0x08004134        0x2 ./TouchGFX/generated/gui_generated/src/humidity_screen_screen/humidity_screenViewBase.o
                0x08004134                touchgfx::Screen::handleTickEvent()
 .text._ZN8touchgfx6Screen14handleKeyEventEh
                0x08004136        0x2 ./TouchGFX/generated/gui_generated/src/humidity_screen_screen/humidity_screenViewBase.o
                0x08004136                touchgfx::Screen::handleKeyEvent(unsigned char)
 .text._ZN8touchgfx8TextArea8setWidthEs
                0x08004138       0x24 ./TouchGFX/generated/gui_generated/src/humidity_screen_screen/humidity_screenViewBase.o
                0x08004138                touchgfx::TextArea::setWidth(short)
 .text._ZN8touchgfx8TextArea9setHeightEs
                0x0800415c       0x24 ./TouchGFX/generated/gui_generated/src/humidity_screen_screen/humidity_screenViewBase.o
                0x0800415c                touchgfx::TextArea::setHeight(short)
 .text._ZNK8touchgfx8TextArea12getSolidRectEv
                0x08004180        0xc ./TouchGFX/generated/gui_generated/src/humidity_screen_screen/humidity_screenViewBase.o
                0x08004180                touchgfx::TextArea::getSolidRect() const
 .text._ZN8touchgfx8TextArea8setAlphaEh
                0x0800418c        0x6 ./TouchGFX/generated/gui_generated/src/humidity_screen_screen/humidity_screenViewBase.o
                0x0800418c                touchgfx::TextArea::setAlpha(unsigned char)
 .text._ZN8touchgfx8TextArea13setXBaselineYEss
                0x08004192       0x1a ./TouchGFX/generated/gui_generated/src/humidity_screen_screen/humidity_screenViewBase.o
                0x08004192                touchgfx::TextArea::setXBaselineY(short, short)
 .text._ZNK8touchgfx8TextArea12getWildcard2Ev
                0x080041ac        0x4 ./TouchGFX/generated/gui_generated/src/humidity_screen_screen/humidity_screenViewBase.o
                0x080041ac                touchgfx::TextArea::getWildcard2() const
 .text._ZNK8touchgfx23TextAreaWithOneWildcard12getWildcard1Ev
                0x080041b0        0x4 ./TouchGFX/generated/gui_generated/src/humidity_screen_screen/humidity_screenViewBase.o
                0x080041b0                touchgfx::TextAreaWithOneWildcard::getWildcard1() const
 .text._ZN23humidity_screenViewBase8increaseEv
                0x080041b4        0x2 ./TouchGFX/generated/gui_generated/src/humidity_screen_screen/humidity_screenViewBase.o
                0x080041b4                humidity_screenViewBase::increase()
 .text._ZN23humidity_screenViewBase8decreaseEv
                0x080041b6        0x2 ./TouchGFX/generated/gui_generated/src/humidity_screen_screen/humidity_screenViewBase.o
                0x080041b6                humidity_screenViewBase::decrease()
 .text._ZN23humidity_screenViewBaseD2Ev
                0x080041b8        0x2 ./TouchGFX/generated/gui_generated/src/humidity_screen_screen/humidity_screenViewBase.o
                0x080041b8                humidity_screenViewBase::~humidity_screenViewBase()
                0x080041b8                humidity_screenViewBase::~humidity_screenViewBase()
 .text._ZN23humidity_screenViewBase11setupScreenEv
                0x080041ba        0x2 ./TouchGFX/generated/gui_generated/src/humidity_screen_screen/humidity_screenViewBase.o
                0x080041ba                humidity_screenViewBase::setupScreen()
 .text._ZN8touchgfx24BoxWithBorderButtonStyleINS_18ClickButtonTriggerEE20handlePressedUpdatedEv
                0x080041bc       0x26 ./TouchGFX/generated/gui_generated/src/humidity_screen_screen/humidity_screenViewBase.o
                0x080041bc                touchgfx::BoxWithBorderButtonStyle<touchgfx::ClickButtonTrigger>::handlePressedUpdated()
 .text._ZN8touchgfx8CallbackI23humidity_screenViewBaseRKNS_14AbstractButtonEvvED2Ev
                0x080041e2        0x2 ./TouchGFX/generated/gui_generated/src/humidity_screen_screen/humidity_screenViewBase.o
                0x080041e2                touchgfx::Callback<humidity_screenViewBase, touchgfx::AbstractButton const&, void, void>::~Callback()
                0x080041e2                touchgfx::Callback<humidity_screenViewBase, touchgfx::AbstractButton const&, void, void>::~Callback()
 .text._ZN8touchgfx8CallbackI23humidity_screenViewBaseRKNS_23AbstractButtonContainerEvvED2Ev
                0x080041e4        0x2 ./TouchGFX/generated/gui_generated/src/humidity_screen_screen/humidity_screenViewBase.o
                0x080041e4                touchgfx::Callback<humidity_screenViewBase, touchgfx::AbstractButtonContainer const&, void, void>::~Callback()
                0x080041e4                touchgfx::Callback<humidity_screenViewBase, touchgfx::AbstractButtonContainer const&, void, void>::~Callback()
 .text._ZN8touchgfx24BoxWithBorderButtonStyleINS_18ClickButtonTriggerEED2Ev
                0x080041e6        0x2 ./TouchGFX/generated/gui_generated/src/humidity_screen_screen/humidity_screenViewBase.o
                0x080041e6                touchgfx::BoxWithBorderButtonStyle<touchgfx::ClickButtonTrigger>::~BoxWithBorderButtonStyle()
                0x080041e6                touchgfx::BoxWithBorderButtonStyle<touchgfx::ClickButtonTrigger>::~BoxWithBorderButtonStyle()
 .text._ZN8touchgfx23TextAreaWithOneWildcardD2Ev
                0x080041e8        0x2 ./TouchGFX/generated/gui_generated/src/humidity_screen_screen/humidity_screenViewBase.o
                0x080041e8                touchgfx::TextAreaWithOneWildcard::~TextAreaWithOneWildcard()
                0x080041e8                touchgfx::TextAreaWithOneWildcard::~TextAreaWithOneWildcard()
 .text._ZN8touchgfx8CallbackI23humidity_screenViewBaseRKNS_14AbstractButtonEvvE7executeES4_
                0x080041ea       0x1e ./TouchGFX/generated/gui_generated/src/humidity_screen_screen/humidity_screenViewBase.o
                0x080041ea                touchgfx::Callback<humidity_screenViewBase, touchgfx::AbstractButton const&, void, void>::execute(touchgfx::AbstractButton const&)
 .text._ZNK8touchgfx8CallbackI23humidity_screenViewBaseRKNS_14AbstractButtonEvvE7isValidEv
                0x08004208       0x16 ./TouchGFX/generated/gui_generated/src/humidity_screen_screen/humidity_screenViewBase.o
                0x08004208                touchgfx::Callback<humidity_screenViewBase, touchgfx::AbstractButton const&, void, void>::isValid() const
 .text._ZN8touchgfx8CallbackI23humidity_screenViewBaseRKNS_23AbstractButtonContainerEvvE7executeES4_
                0x0800421e       0x1e ./TouchGFX/generated/gui_generated/src/humidity_screen_screen/humidity_screenViewBase.o
                0x0800421e                touchgfx::Callback<humidity_screenViewBase, touchgfx::AbstractButtonContainer const&, void, void>::execute(touchgfx::AbstractButtonContainer const&)
 .text._ZNK8touchgfx8CallbackI23humidity_screenViewBaseRKNS_23AbstractButtonContainerEvvE7isValidEv
                0x0800423c       0x16 ./TouchGFX/generated/gui_generated/src/humidity_screen_screen/humidity_screenViewBase.o
                0x0800423c                touchgfx::Callback<humidity_screenViewBase, touchgfx::AbstractButtonContainer const&, void, void>::isValid() const
 .text._ZN8touchgfx24BoxWithBorderButtonStyleINS_18ClickButtonTriggerEE18handleAlphaUpdatedEv
                0x08004252        0xa ./TouchGFX/generated/gui_generated/src/humidity_screen_screen/humidity_screenViewBase.o
                0x08004252                touchgfx::BoxWithBorderButtonStyle<touchgfx::ClickButtonTrigger>::handleAlphaUpdated()
 .text._ZN8touchgfx23TextAreaWithOneWildcardD0Ev
                0x0800425c        0xe ./TouchGFX/generated/gui_generated/src/humidity_screen_screen/humidity_screenViewBase.o
                0x0800425c                touchgfx::TextAreaWithOneWildcard::~TextAreaWithOneWildcard()
 .text._ZN8touchgfx24BoxWithBorderButtonStyleINS_18ClickButtonTriggerEED0Ev
                0x0800426a        0xe ./TouchGFX/generated/gui_generated/src/humidity_screen_screen/humidity_screenViewBase.o
                0x0800426a                touchgfx::BoxWithBorderButtonStyle<touchgfx::ClickButtonTrigger>::~BoxWithBorderButtonStyle()
 .text._ZN8touchgfx8CallbackI23humidity_screenViewBaseRKNS_23AbstractButtonContainerEvvED0Ev
                0x08004278        0xe ./TouchGFX/generated/gui_generated/src/humidity_screen_screen/humidity_screenViewBase.o
                0x08004278                touchgfx::Callback<humidity_screenViewBase, touchgfx::AbstractButtonContainer const&, void, void>::~Callback()
 .text._ZN8touchgfx8CallbackI23humidity_screenViewBaseRKNS_14AbstractButtonEvvED0Ev
                0x08004286        0xe ./TouchGFX/generated/gui_generated/src/humidity_screen_screen/humidity_screenViewBase.o
                0x08004286                touchgfx::Callback<humidity_screenViewBase, touchgfx::AbstractButton const&, void, void>::~Callback()
 .text._ZN23humidity_screenViewBaseD0Ev
                0x08004294       0x10 ./TouchGFX/generated/gui_generated/src/humidity_screen_screen/humidity_screenViewBase.o
                0x08004294                humidity_screenViewBase::~humidity_screenViewBase()
 .text._ZNK8touchgfx8Drawable17invalidateContentEv
                0x080042a4        0xe ./TouchGFX/generated/gui_generated/src/humidity_screen_screen/humidity_screenViewBase.o
                0x080042a4                touchgfx::Drawable::invalidateContent() const
 .text._ZNK8touchgfx24TextAreaWithWildcardBase17invalidateContentEv
                0x080042b2        0x8 ./TouchGFX/generated/gui_generated/src/humidity_screen_screen/humidity_screenViewBase.o
                0x080042b2                touchgfx::TextAreaWithWildcardBase::invalidateContent() const
 .text._ZN8touchgfx23AbstractButtonContainer13executeActionEv
                0x080042ba       0x20 ./TouchGFX/generated/gui_generated/src/humidity_screen_screen/humidity_screenViewBase.o
                0x080042ba                touchgfx::AbstractButtonContainer::executeAction()
 .text._ZN23humidity_screenViewBase21buttonCallbackHandlerERKN8touchgfx14AbstractButtonE
                0x080042da       0x2a ./TouchGFX/generated/gui_generated/src/humidity_screen_screen/humidity_screenViewBase.o
                0x080042da                humidity_screenViewBase::buttonCallbackHandler(touchgfx::AbstractButton const&)
 .text._ZN8touchgfx6Widget12getLastChildEssPPNS_8DrawableE
                0x08004304       0x10 ./TouchGFX/generated/gui_generated/src/humidity_screen_screen/humidity_screenViewBase.o
                0x08004304                touchgfx::Widget::getLastChild(short, short, touchgfx::Drawable**)
 .text._ZN8touchgfx8TextArea12setBaselineYEs
                0x08004314       0x6c ./TouchGFX/generated/gui_generated/src/humidity_screen_screen/humidity_screenViewBase.o
                0x08004314                touchgfx::TextArea::setBaselineY(short)
 .text._ZN8touchgfx18ClickButtonTrigger16handleClickEventERKNS_10ClickEventE
                0x08004380       0x4a ./TouchGFX/generated/gui_generated/src/humidity_screen_screen/humidity_screenViewBase.o
                0x08004380                touchgfx::ClickButtonTrigger::handleClickEvent(touchgfx::ClickEvent const&)
 .text._ZN23humidity_screenViewBase25flexButtonCallbackHandlerERKN8touchgfx23AbstractButtonContainerE
                0x080043ca       0x16 ./TouchGFX/generated/gui_generated/src/humidity_screen_screen/humidity_screenViewBase.o
                0x080043ca                humidity_screenViewBase::flexButtonCallbackHandler(touchgfx::AbstractButtonContainer const&)
 .text._ZNK8touchgfx24TextAreaWithWildcardBase21calculateBoundingAreaEv
                0x080043e0        0xe ./TouchGFX/generated/gui_generated/src/humidity_screen_screen/humidity_screenViewBase.o
                0x080043e0                touchgfx::TextAreaWithWildcardBase::calculateBoundingArea() const
 *fill*         0x080043ee        0x2 
 .text._ZN8touchgfx8DrawableC2Ev
                0x080043f0       0x24 ./TouchGFX/generated/gui_generated/src/humidity_screen_screen/humidity_screenViewBase.o
                0x080043f0                touchgfx::Drawable::Drawable()
                0x080043f0                touchgfx::Drawable::Drawable()
 .text._ZN8touchgfx8Drawable5setXYEss
                0x08004414       0x1a ./TouchGFX/generated/gui_generated/src/humidity_screen_screen/humidity_screenViewBase.o
                0x08004414                touchgfx::Drawable::setXY(short, short)
 .text._ZN8touchgfx8Drawable11setPositionEssss
                0x0800442e       0x26 ./TouchGFX/generated/gui_generated/src/humidity_screen_screen/humidity_screenViewBase.o
                0x0800442e                touchgfx::Drawable::setPosition(short, short, short, short)
 .text._ZN8touchgfx3BoxC2Ev
                0x08004454       0x28 ./TouchGFX/generated/gui_generated/src/humidity_screen_screen/humidity_screenViewBase.o
                0x08004454                touchgfx::Box::Box()
                0x08004454                touchgfx::Box::Box()
 .text._ZN8touchgfx8TextAreaC2Ev
                0x0800447c       0x44 ./TouchGFX/generated/gui_generated/src/humidity_screen_screen/humidity_screenViewBase.o
                0x0800447c                touchgfx::TextArea::TextArea()
                0x0800447c                touchgfx::TextArea::TextArea()
 .text._ZN23humidity_screenViewBaseC2Ev
                0x080044c0      0x2ac ./TouchGFX/generated/gui_generated/src/humidity_screen_screen/humidity_screenViewBase.o
                0x080044c0                humidity_screenViewBase::humidity_screenViewBase()
                0x080044c0                humidity_screenViewBase::humidity_screenViewBase()
 .text._ZN20light_screenViewBase8increaseEv
                0x0800476c        0x2 ./TouchGFX/generated/gui_generated/src/light_screen_screen/light_screenViewBase.o
                0x0800476c                light_screenViewBase::increase()
 .text._ZN20light_screenViewBase8decreaseEv
                0x0800476e        0x2 ./TouchGFX/generated/gui_generated/src/light_screen_screen/light_screenViewBase.o
                0x0800476e                light_screenViewBase::decrease()
 .text._ZN20light_screenViewBaseD2Ev
                0x08004770        0x2 ./TouchGFX/generated/gui_generated/src/light_screen_screen/light_screenViewBase.o
                0x08004770                light_screenViewBase::~light_screenViewBase()
                0x08004770                light_screenViewBase::~light_screenViewBase()
 .text._ZN20light_screenViewBase11setupScreenEv
                0x08004772        0x2 ./TouchGFX/generated/gui_generated/src/light_screen_screen/light_screenViewBase.o
                0x08004772                light_screenViewBase::setupScreen()
 .text._ZN8touchgfx8CallbackI20light_screenViewBaseRKNS_14AbstractButtonEvvED2Ev
                0x08004774        0x2 ./TouchGFX/generated/gui_generated/src/light_screen_screen/light_screenViewBase.o
                0x08004774                touchgfx::Callback<light_screenViewBase, touchgfx::AbstractButton const&, void, void>::~Callback()
                0x08004774                touchgfx::Callback<light_screenViewBase, touchgfx::AbstractButton const&, void, void>::~Callback()
 .text._ZN8touchgfx8CallbackI20light_screenViewBaseRKNS_23AbstractButtonContainerEvvED2Ev
                0x08004776        0x2 ./TouchGFX/generated/gui_generated/src/light_screen_screen/light_screenViewBase.o
                0x08004776                touchgfx::Callback<light_screenViewBase, touchgfx::AbstractButtonContainer const&, void, void>::~Callback()
                0x08004776                touchgfx::Callback<light_screenViewBase, touchgfx::AbstractButtonContainer const&, void, void>::~Callback()
 .text._ZN8touchgfx8CallbackI20light_screenViewBaseRKNS_14AbstractButtonEvvE7executeES4_
                0x08004778       0x1e ./TouchGFX/generated/gui_generated/src/light_screen_screen/light_screenViewBase.o
                0x08004778                touchgfx::Callback<light_screenViewBase, touchgfx::AbstractButton const&, void, void>::execute(touchgfx::AbstractButton const&)
 .text._ZNK8touchgfx8CallbackI20light_screenViewBaseRKNS_14AbstractButtonEvvE7isValidEv
                0x08004796       0x16 ./TouchGFX/generated/gui_generated/src/light_screen_screen/light_screenViewBase.o
                0x08004796                touchgfx::Callback<light_screenViewBase, touchgfx::AbstractButton const&, void, void>::isValid() const
 .text._ZN8touchgfx8CallbackI20light_screenViewBaseRKNS_23AbstractButtonContainerEvvE7executeES4_
                0x080047ac       0x1e ./TouchGFX/generated/gui_generated/src/light_screen_screen/light_screenViewBase.o
                0x080047ac                touchgfx::Callback<light_screenViewBase, touchgfx::AbstractButtonContainer const&, void, void>::execute(touchgfx::AbstractButtonContainer const&)
 .text._ZNK8touchgfx8CallbackI20light_screenViewBaseRKNS_23AbstractButtonContainerEvvE7isValidEv
                0x080047ca       0x16 ./TouchGFX/generated/gui_generated/src/light_screen_screen/light_screenViewBase.o
                0x080047ca                touchgfx::Callback<light_screenViewBase, touchgfx::AbstractButtonContainer const&, void, void>::isValid() const
 .text._ZN8touchgfx8CallbackI20light_screenViewBaseRKNS_23AbstractButtonContainerEvvED0Ev
                0x080047e0        0xe ./TouchGFX/generated/gui_generated/src/light_screen_screen/light_screenViewBase.o
                0x080047e0                touchgfx::Callback<light_screenViewBase, touchgfx::AbstractButtonContainer const&, void, void>::~Callback()
 .text._ZN8touchgfx8CallbackI20light_screenViewBaseRKNS_14AbstractButtonEvvED0Ev
                0x080047ee        0xe ./TouchGFX/generated/gui_generated/src/light_screen_screen/light_screenViewBase.o
                0x080047ee                touchgfx::Callback<light_screenViewBase, touchgfx::AbstractButton const&, void, void>::~Callback()
 .text._ZN20light_screenViewBaseD0Ev
                0x080047fc       0x10 ./TouchGFX/generated/gui_generated/src/light_screen_screen/light_screenViewBase.o
                0x080047fc                light_screenViewBase::~light_screenViewBase()
 .text._ZN20light_screenViewBase21buttonCallbackHandlerERKN8touchgfx14AbstractButtonE
                0x0800480c       0x2a ./TouchGFX/generated/gui_generated/src/light_screen_screen/light_screenViewBase.o
                0x0800480c                light_screenViewBase::buttonCallbackHandler(touchgfx::AbstractButton const&)
 .text._ZN20light_screenViewBase25flexButtonCallbackHandlerERKN8touchgfx23AbstractButtonContainerE
                0x08004836       0x16 ./TouchGFX/generated/gui_generated/src/light_screen_screen/light_screenViewBase.o
                0x08004836                light_screenViewBase::flexButtonCallbackHandler(touchgfx::AbstractButtonContainer const&)
 .text._ZN20light_screenViewBaseC2Ev
                0x0800484c      0x2b0 ./TouchGFX/generated/gui_generated/src/light_screen_screen/light_screenViewBase.o
                0x0800484c                light_screenViewBase::light_screenViewBase()
                0x0800484c                light_screenViewBase::light_screenViewBase()
 .text._ZN12MainViewBase12ToggleLightsEv
                0x08004afc        0x2 ./TouchGFX/generated/gui_generated/src/main_screen/MainViewBase.o
                0x08004afc                MainViewBase::ToggleLights()
 .text._ZN12MainViewBaseD2Ev
                0x08004afe        0x2 ./TouchGFX/generated/gui_generated/src/main_screen/MainViewBase.o
                0x08004afe                MainViewBase::~MainViewBase()
                0x08004afe                MainViewBase::~MainViewBase()
 .text._ZN12MainViewBase11setupScreenEv
                0x08004b00        0x2 ./TouchGFX/generated/gui_generated/src/main_screen/MainViewBase.o
                0x08004b00                MainViewBase::setupScreen()
 .text._ZN8touchgfx8CallbackI12MainViewBaseRKNS_23AbstractButtonContainerEvvED2Ev
                0x08004b02        0x2 ./TouchGFX/generated/gui_generated/src/main_screen/MainViewBase.o
                0x08004b02                touchgfx::Callback<MainViewBase, touchgfx::AbstractButtonContainer const&, void, void>::~Callback()
                0x08004b02                touchgfx::Callback<MainViewBase, touchgfx::AbstractButtonContainer const&, void, void>::~Callback()
 .text._ZN8touchgfx8CallbackI12MainViewBaseRKNS_14AbstractButtonEvvED2Ev
                0x08004b04        0x2 ./TouchGFX/generated/gui_generated/src/main_screen/MainViewBase.o
                0x08004b04                touchgfx::Callback<MainViewBase, touchgfx::AbstractButton const&, void, void>::~Callback()
                0x08004b04                touchgfx::Callback<MainViewBase, touchgfx::AbstractButton const&, void, void>::~Callback()
 .text._ZN8touchgfx8CallbackI12MainViewBaseRKNS_23AbstractButtonContainerEvvE7executeES4_
                0x08004b06       0x1e ./TouchGFX/generated/gui_generated/src/main_screen/MainViewBase.o
                0x08004b06                touchgfx::Callback<MainViewBase, touchgfx::AbstractButtonContainer const&, void, void>::execute(touchgfx::AbstractButtonContainer const&)
 .text._ZNK8touchgfx8CallbackI12MainViewBaseRKNS_23AbstractButtonContainerEvvE7isValidEv
                0x08004b24       0x16 ./TouchGFX/generated/gui_generated/src/main_screen/MainViewBase.o
                0x08004b24                touchgfx::Callback<MainViewBase, touchgfx::AbstractButtonContainer const&, void, void>::isValid() const
 .text._ZN8touchgfx8CallbackI12MainViewBaseRKNS_14AbstractButtonEvvE7executeES4_
                0x08004b3a       0x1e ./TouchGFX/generated/gui_generated/src/main_screen/MainViewBase.o
                0x08004b3a                touchgfx::Callback<MainViewBase, touchgfx::AbstractButton const&, void, void>::execute(touchgfx::AbstractButton const&)
 .text._ZNK8touchgfx8CallbackI12MainViewBaseRKNS_14AbstractButtonEvvE7isValidEv
                0x08004b58       0x16 ./TouchGFX/generated/gui_generated/src/main_screen/MainViewBase.o
                0x08004b58                touchgfx::Callback<MainViewBase, touchgfx::AbstractButton const&, void, void>::isValid() const
 .text._ZN8touchgfx8CallbackI12MainViewBaseRKNS_14AbstractButtonEvvED0Ev
                0x08004b6e        0xe ./TouchGFX/generated/gui_generated/src/main_screen/MainViewBase.o
                0x08004b6e                touchgfx::Callback<MainViewBase, touchgfx::AbstractButton const&, void, void>::~Callback()
 .text._ZN8touchgfx8CallbackI12MainViewBaseRKNS_23AbstractButtonContainerEvvED0Ev
                0x08004b7c        0xe ./TouchGFX/generated/gui_generated/src/main_screen/MainViewBase.o
                0x08004b7c                touchgfx::Callback<MainViewBase, touchgfx::AbstractButtonContainer const&, void, void>::~Callback()
 .text._ZN12MainViewBaseD0Ev
                0x08004b8a       0x10 ./TouchGFX/generated/gui_generated/src/main_screen/MainViewBase.o
                0x08004b8a                MainViewBase::~MainViewBase()
 .text._ZN12MainViewBase21buttonCallbackHandlerERKN8touchgfx14AbstractButtonE
                0x08004b9a       0x10 ./TouchGFX/generated/gui_generated/src/main_screen/MainViewBase.o
                0x08004b9a                MainViewBase::buttonCallbackHandler(touchgfx::AbstractButton const&)
 .text._ZN12MainViewBase25flexButtonCallbackHandlerERKN8touchgfx23AbstractButtonContainerE
                0x08004baa       0x3c ./TouchGFX/generated/gui_generated/src/main_screen/MainViewBase.o
                0x08004baa                MainViewBase::flexButtonCallbackHandler(touchgfx::AbstractButtonContainer const&)
 *fill*         0x08004be6        0x2 
 .text._ZN8touchgfx6WidgetC2Ev
                0x08004be8       0x24 ./TouchGFX/generated/gui_generated/src/main_screen/MainViewBase.o
                0x08004be8                touchgfx::Widget::Widget()
                0x08004be8                touchgfx::Widget::Widget()
 .text._ZN8touchgfx23TextAreaWithOneWildcardC2Ev
                0x08004c0c       0x44 ./TouchGFX/generated/gui_generated/src/main_screen/MainViewBase.o
                0x08004c0c                touchgfx::TextAreaWithOneWildcard::TextAreaWithOneWildcard()
                0x08004c0c                touchgfx::TextAreaWithOneWildcard::TextAreaWithOneWildcard()
 .text._ZN8touchgfx24BoxWithBorderButtonStyleINS_18ClickButtonTriggerEEC2Ev
                0x08004c50       0x64 ./TouchGFX/generated/gui_generated/src/main_screen/MainViewBase.o
                0x08004c50                touchgfx::BoxWithBorderButtonStyle<touchgfx::ClickButtonTrigger>::BoxWithBorderButtonStyle()
                0x08004c50                touchgfx::BoxWithBorderButtonStyle<touchgfx::ClickButtonTrigger>::BoxWithBorderButtonStyle()
 .text._ZN12MainViewBaseC2Ev
                0x08004cb4      0x38c ./TouchGFX/generated/gui_generated/src/main_screen/MainViewBase.o
                0x08004cb4                MainViewBase::MainViewBase()
                0x08004cb4                MainViewBase::MainViewBase()
 .text._ZN26temperature_screenViewBase8increaseEv
                0x08005040        0x2 ./TouchGFX/generated/gui_generated/src/temperature_screen_screen/temperature_screenViewBase.o
                0x08005040                temperature_screenViewBase::increase()
 .text._ZN26temperature_screenViewBase8decreaseEv
                0x08005042        0x2 ./TouchGFX/generated/gui_generated/src/temperature_screen_screen/temperature_screenViewBase.o
                0x08005042                temperature_screenViewBase::decrease()
 .text._ZN26temperature_screenViewBaseD2Ev
                0x08005044        0x2 ./TouchGFX/generated/gui_generated/src/temperature_screen_screen/temperature_screenViewBase.o
                0x08005044                temperature_screenViewBase::~temperature_screenViewBase()
                0x08005044                temperature_screenViewBase::~temperature_screenViewBase()
 .text._ZN26temperature_screenViewBase11setupScreenEv
                0x08005046        0x2 ./TouchGFX/generated/gui_generated/src/temperature_screen_screen/temperature_screenViewBase.o
                0x08005046                temperature_screenViewBase::setupScreen()
 .text._ZN8touchgfx8CallbackI26temperature_screenViewBaseRKNS_14AbstractButtonEvvED2Ev
                0x08005048        0x2 ./TouchGFX/generated/gui_generated/src/temperature_screen_screen/temperature_screenViewBase.o
                0x08005048                touchgfx::Callback<temperature_screenViewBase, touchgfx::AbstractButton const&, void, void>::~Callback()
                0x08005048                touchgfx::Callback<temperature_screenViewBase, touchgfx::AbstractButton const&, void, void>::~Callback()
 .text._ZN8touchgfx8CallbackI26temperature_screenViewBaseRKNS_23AbstractButtonContainerEvvED2Ev
                0x0800504a        0x2 ./TouchGFX/generated/gui_generated/src/temperature_screen_screen/temperature_screenViewBase.o
                0x0800504a                touchgfx::Callback<temperature_screenViewBase, touchgfx::AbstractButtonContainer const&, void, void>::~Callback()
                0x0800504a                touchgfx::Callback<temperature_screenViewBase, touchgfx::AbstractButtonContainer const&, void, void>::~Callback()
 .text._ZN8touchgfx8CallbackI26temperature_screenViewBaseRKNS_14AbstractButtonEvvE7executeES4_
                0x0800504c       0x1e ./TouchGFX/generated/gui_generated/src/temperature_screen_screen/temperature_screenViewBase.o
                0x0800504c                touchgfx::Callback<temperature_screenViewBase, touchgfx::AbstractButton const&, void, void>::execute(touchgfx::AbstractButton const&)
 .text._ZNK8touchgfx8CallbackI26temperature_screenViewBaseRKNS_14AbstractButtonEvvE7isValidEv
                0x0800506a       0x16 ./TouchGFX/generated/gui_generated/src/temperature_screen_screen/temperature_screenViewBase.o
                0x0800506a                touchgfx::Callback<temperature_screenViewBase, touchgfx::AbstractButton const&, void, void>::isValid() const
 .text._ZN8touchgfx8CallbackI26temperature_screenViewBaseRKNS_23AbstractButtonContainerEvvE7executeES4_
                0x08005080       0x1e ./TouchGFX/generated/gui_generated/src/temperature_screen_screen/temperature_screenViewBase.o
                0x08005080                touchgfx::Callback<temperature_screenViewBase, touchgfx::AbstractButtonContainer const&, void, void>::execute(touchgfx::AbstractButtonContainer const&)
 .text._ZNK8touchgfx8CallbackI26temperature_screenViewBaseRKNS_23AbstractButtonContainerEvvE7isValidEv
                0x0800509e       0x16 ./TouchGFX/generated/gui_generated/src/temperature_screen_screen/temperature_screenViewBase.o
                0x0800509e                touchgfx::Callback<temperature_screenViewBase, touchgfx::AbstractButtonContainer const&, void, void>::isValid() const
 .text._ZN8touchgfx8CallbackI26temperature_screenViewBaseRKNS_23AbstractButtonContainerEvvED0Ev
                0x080050b4        0xe ./TouchGFX/generated/gui_generated/src/temperature_screen_screen/temperature_screenViewBase.o
                0x080050b4                touchgfx::Callback<temperature_screenViewBase, touchgfx::AbstractButtonContainer const&, void, void>::~Callback()
 .text._ZN8touchgfx8CallbackI26temperature_screenViewBaseRKNS_14AbstractButtonEvvED0Ev
                0x080050c2        0xe ./TouchGFX/generated/gui_generated/src/temperature_screen_screen/temperature_screenViewBase.o
                0x080050c2                touchgfx::Callback<temperature_screenViewBase, touchgfx::AbstractButton const&, void, void>::~Callback()
 .text._ZN26temperature_screenViewBaseD0Ev
                0x080050d0       0x10 ./TouchGFX/generated/gui_generated/src/temperature_screen_screen/temperature_screenViewBase.o
                0x080050d0                temperature_screenViewBase::~temperature_screenViewBase()
 .text._ZN26temperature_screenViewBase21buttonCallbackHandlerERKN8touchgfx14AbstractButtonE
                0x080050e0       0x2a ./TouchGFX/generated/gui_generated/src/temperature_screen_screen/temperature_screenViewBase.o
                0x080050e0                temperature_screenViewBase::buttonCallbackHandler(touchgfx::AbstractButton const&)
 .text._ZN26temperature_screenViewBase25flexButtonCallbackHandlerERKN8touchgfx23AbstractButtonContainerE
                0x0800510a       0x16 ./TouchGFX/generated/gui_generated/src/temperature_screen_screen/temperature_screenViewBase.o
                0x0800510a                temperature_screenViewBase::flexButtonCallbackHandler(touchgfx::AbstractButtonContainer const&)
 .text._ZN26temperature_screenViewBaseC2Ev
                0x08005120      0x2b0 ./TouchGFX/generated/gui_generated/src/temperature_screen_screen/temperature_screenViewBase.o
                0x08005120                temperature_screenViewBase::temperature_screenViewBase()
                0x08005120                temperature_screenViewBase::temperature_screenViewBase()
 .text._ZN14BitmapDatabase11getInstanceEv
                0x080053d0        0x8 ./TouchGFX/generated/images/src/BitmapDatabase.o
                0x080053d0                BitmapDatabase::getInstance()
 .text._ZN14BitmapDatabase15getInstanceSizeEv
                0x080053d8        0x4 ./TouchGFX/generated/images/src/BitmapDatabase.o
                0x080053d8                BitmapDatabase::getInstanceSize()
 .text._ZNK8touchgfx4Font12getGSUBTableEv
                0x080053dc        0x4 ./TouchGFX/generated/texts/src/Texts.o
                0x080053dc                touchgfx::Font::getGSUBTable() const
 .text._ZNK8touchgfx4Font23getContextualFormsTableEv
                0x080053e0        0x4 ./TouchGFX/generated/texts/src/Texts.o
                0x080053e0                touchgfx::Font::getContextualFormsTable() const
 .text._ZNK8touchgfx4Font14getStringWidthEPKtz
                0x080053e4       0x1c ./TouchGFX/generated/texts/src/Texts.o
                0x080053e4                touchgfx::Font::getStringWidth(unsigned short const*, ...) const
 .text._ZNK8touchgfx4Font14getStringWidthEhPKtz
                0x08005400       0x1a ./TouchGFX/generated/texts/src/Texts.o
                0x08005400                touchgfx::Font::getStringWidth(unsigned char, unsigned short const*, ...) const
 *fill*         0x0800541a        0x2 
 .text._ZN8touchgfx12TextProvider15getNextLigatureEh
                0x0800541c       0x84 ./TouchGFX/generated/texts/src/Texts.o
                0x0800541c                touchgfx::TextProvider::getNextLigature(unsigned char)
 .text._ZN8touchgfx12TextProvider18initializeInternalEv
                0x080054a0        0x4 ./TouchGFX/generated/texts/src/Texts.o
                0x080054a0                touchgfx::TextProvider::initializeInternal()
 .text._ZN8touchgfx3LCD10drawStringENS_4RectERKS1_RKNS0_13StringVisualsEPKtz
                0x080054a4       0x22 ./TouchGFX/generated/texts/src/Texts.o
                0x080054a4                touchgfx::LCD::drawString(touchgfx::Rect, touchgfx::Rect const&, touchgfx::LCD::StringVisuals const&, unsigned short const*, ...)
 *fill*         0x080054c6        0x2 
 .text._ZN8touchgfx5Texts11setLanguageEt
                0x080054c8       0x78 ./TouchGFX/generated/texts/src/Texts.o
                0x080054c8                touchgfx::Texts::setLanguage(unsigned short)
 .text._ZNK8touchgfx5Texts7getTextEt
                0x08005540       0x1c ./TouchGFX/generated/texts/src/Texts.o
                0x08005540                touchgfx::Texts::getText(unsigned short) const
 .text._ZN17TypedTextDatabase15getInstanceSizeEv
                0x0800555c        0x4 ./TouchGFX/generated/texts/src/TypedTextDatabase.o
                0x0800555c                TypedTextDatabase::getInstanceSize()
 .text._ZN17TypedTextDatabase8getFontsEv
                0x08005560        0x8 ./TouchGFX/generated/texts/src/TypedTextDatabase.o
                0x08005560                TypedTextDatabase::getFonts()
 .text.startup._GLOBAL__sub_I_touchgfx_fonts
                0x08005568       0x18 ./TouchGFX/generated/texts/src/TypedTextDatabase.o
 .text._ZN19FrontendApplicationD2Ev
                0x08005580        0x2 ./TouchGFX/gui/src/common/FrontendApplication.o
                0x08005580                FrontendApplication::~FrontendApplication()
                0x08005580                FrontendApplication::~FrontendApplication()
 .text._ZN19FrontendApplicationD0Ev
                0x08005582       0x10 ./TouchGFX/gui/src/common/FrontendApplication.o
                0x08005582                FrontendApplication::~FrontendApplication()
 .text._ZN19FrontendApplication15handleTickEventEv
                0x08005592       0x16 ./TouchGFX/gui/src/common/FrontendApplication.o
                0x08005592                FrontendApplication::handleTickEvent()
 .text._ZN19FrontendApplicationC2ER5ModelR12FrontendHeap
                0x080055a8       0x14 ./TouchGFX/gui/src/common/FrontendApplication.o
                0x080055a8                FrontendApplication::FrontendApplication(Model&, FrontendHeap&)
                0x080055a8                FrontendApplication::FrontendApplication(Model&, FrontendHeap&)
 .text._ZN13ModelListener16notifyADCChangedEm
                0x080055bc        0x2 ./TouchGFX/gui/src/humidity_screen_screen/humidity_screenPresenter.o
                0x080055bc                ModelListener::notifyADCChanged(unsigned long)
 .text._ZN13ModelListener24notifyTemperatureChangedEf
                0x080055be        0x2 ./TouchGFX/gui/src/humidity_screen_screen/humidity_screenPresenter.o
                0x080055be                ModelListener::notifyTemperatureChanged(float)
 .text._ZN13ModelListener21notifyHumidityChangedEf
                0x080055c0        0x2 ./TouchGFX/gui/src/humidity_screen_screen/humidity_screenPresenter.o
                0x080055c0                ModelListener::notifyHumidityChanged(float)
 .text._ZN13ModelListener32notifyTemperatureSetPointChangedEf
                0x080055c2        0x2 ./TouchGFX/gui/src/humidity_screen_screen/humidity_screenPresenter.o
                0x080055c2                ModelListener::notifyTemperatureSetPointChanged(float)
 .text._ZN13ModelListener27notifyLightsSetPointChangedEi
                0x080055c4        0x2 ./TouchGFX/gui/src/humidity_screen_screen/humidity_screenPresenter.o
                0x080055c4                ModelListener::notifyLightsSetPointChanged(int)
 .text._ZN24humidity_screenPresenterD2Ev
                0x080055c6        0x6 ./TouchGFX/gui/src/humidity_screen_screen/humidity_screenPresenter.o
                0x080055c6                humidity_screenPresenter::~humidity_screenPresenter()
                0x080055c6                humidity_screenPresenter::~humidity_screenPresenter()
                0x080055c8                non-virtual thunk to humidity_screenPresenter::~humidity_screenPresenter()
 .text._ZN24humidity_screenPresenter8activateEv
                0x080055cc        0x2 ./TouchGFX/gui/src/humidity_screen_screen/humidity_screenPresenter.o
                0x080055cc                humidity_screenPresenter::deactivate()
                0x080055cc                humidity_screenPresenter::activate()
 .text._ZN24humidity_screenPresenter29notifyHumiditySetPointChangedEf
                0x080055ce        0x8 ./TouchGFX/gui/src/humidity_screen_screen/humidity_screenPresenter.o
                0x080055ce                humidity_screenPresenter::notifyHumiditySetPointChanged(float)
 .text._ZThn4_N24humidity_screenPresenter29notifyHumiditySetPointChangedEf
                0x080055d6        0x8 ./TouchGFX/gui/src/humidity_screen_screen/humidity_screenPresenter.o
                0x080055d6                non-virtual thunk to humidity_screenPresenter::notifyHumiditySetPointChanged(float)
 .text._ZN24humidity_screenPresenterD0Ev
                0x080055de       0x14 ./TouchGFX/gui/src/humidity_screen_screen/humidity_screenPresenter.o
                0x080055de                humidity_screenPresenter::~humidity_screenPresenter()
                0x080055ec                non-virtual thunk to humidity_screenPresenter::~humidity_screenPresenter()
 *fill*         0x080055f2        0x2 
 .text._ZN24humidity_screenPresenterC2ER19humidity_screenView
                0x080055f4       0x14 ./TouchGFX/gui/src/humidity_screen_screen/humidity_screenPresenter.o
                0x080055f4                humidity_screenPresenter::humidity_screenPresenter(humidity_screenView&)
                0x080055f4                humidity_screenPresenter::humidity_screenPresenter(humidity_screenView&)
 .text._ZN19humidity_screenView14tearDownScreenEv