../Middlewares/ST/touchgfx/framework/include/touchgfx/Screen.hpp:104:18:virtual void touchgfx::Screen::afterTransition()	0	static
../Middlewares/ST/touchgfx/framework/include/touchgfx/Screen.hpp:144:18:virtual void touchgfx::Screen::handleTickEvent()	0	static
../Middlewares/ST/touchgfx/framework/include/touchgfx/Screen.hpp:154:18:virtual void touchgfx::Screen::handleKeyEvent(uint8_t)	0	static
../TouchGFX/gui/src/light_screen_screen/light_screenView.cpp:13:6:virtual void light_screenView::tearDownScreen()	0	static
../TouchGFX/gui/src/light_screen_screen/light_screenView.cpp:23:6:virtual void light_screenView::increase()	0	static
../TouchGFX/gui/src/light_screen_screen/light_screenView.cpp:28:6:virtual void light_screenView::decrease()	0	static
../TouchGFX/gui/include/gui/light_screen_screen/light_screenView.hpp:11:13:light_screenView::~light_screenView()	8	static
../TouchGFX/gui/include/gui/light_screen_screen/light_screenView.hpp:11:13:virtual light_screenView::~light_screenView()	8	static
../TouchGFX/gui/src/light_screen_screen/light_screenView.cpp:3:1:light_screenView::light_screenView()	8	static
../TouchGFX/gui/src/light_screen_screen/light_screenView.cpp:8:6:virtual void light_screenView::setupScreen()	0	static
../TouchGFX/gui/src/light_screen_screen/light_screenView.cpp:18:6:virtual void light_screenView::setLights(int)	16	static
