../TouchGFX/gui/include/gui/model/ModelListener.hpp:32:18:virtual void ModelListener::notifyADCChanged(uint32_t)	0	static
../TouchGFX/gui/include/gui/model/ModelListener.hpp:33:18:virtual void ModelListener::notifyTemperatureChanged(float)	0	static
../TouchGFX/gui/include/gui/model/ModelListener.hpp:34:18:virtual void ModelListener::notifyHumidityChanged(float)	0	static
../TouchGFX/gui/include/gui/model/ModelListener.hpp:36:18:virtual void ModelListener::notifyTemperatureSetPointChanged(float)	0	static
../TouchGFX/gui/include/gui/model/ModelListener.hpp:37:18:virtual void ModelListener::notifyLightsSetPointChanged(int)	0	static
../TouchGFX/gui/include/gui/humidity_screen_screen/humidity_screenPresenter.hpp:28:13:humidity_screenPresenter::~humidity_screenPresenter()	0	static
../TouchGFX/gui/src/humidity_screen_screen/humidity_screenPresenter.cpp:10:6:virtual void humidity_screenPresenter::activate()	0	static
../TouchGFX/gui/src/humidity_screen_screen/humidity_screenPresenter.cpp:20:6:virtual void humidity_screenPresenter::notifyHumiditySetPointChanged(float)	0	static
../TouchGFX/gui/include/gui/humidity_screen_screen/humidity_screenPresenter.hpp:28:13:virtual humidity_screenPresenter::~humidity_screenPresenter()	8	static
../TouchGFX/gui/include/gui/humidity_screen_screen/humidity_screenPresenter.hpp:28:13:virtual void* humidity_screenPresenter::_ZThn4_N24humidity_screenPresenterD1Ev()	0	static
../TouchGFX/gui/src/humidity_screen_screen/humidity_screenPresenter.cpp:4:1:humidity_screenPresenter::humidity_screenPresenter(humidity_screenView&)	0	static
