../Middlewares/ST/touchgfx/framework/include/touchgfx/Screen.hpp:104:18:virtual void touchgfx::Screen::afterTransition()	0	static
../Middlewares/ST/touchgfx/framework/include/touchgfx/Screen.hpp:144:18:virtual void touchgfx::Screen::handleTickEvent()	0	static
../Middlewares/ST/touchgfx/framework/include/touchgfx/Screen.hpp:154:18:virtual void touchgfx::Screen::handleKeyEvent(uint8_t)	0	static
../TouchGFX/gui/src/humidity_screen_screen/humidity_screenView.cpp:13:6:virtual void humidity_screenView::tearDownScreen()	0	static
../TouchGFX/gui/src/humidity_screen_screen/humidity_screenView.cpp:23:6:virtual void humidity_screenView::increase()	0	static
../TouchGFX/gui/src/humidity_screen_screen/humidity_screenView.cpp:28:6:virtual void humidity_screenView::decrease()	0	static
../TouchGFX/gui/include/gui/humidity_screen_screen/humidity_screenView.hpp:11:13:humidity_screenView::~humidity_screenView()	8	static
../TouchGFX/gui/include/gui/humidity_screen_screen/humidity_screenView.hpp:11:13:virtual humidity_screenView::~humidity_screenView()	8	static
../TouchGFX/gui/src/humidity_screen_screen/humidity_screenView.cpp:3:1:humidity_screenView::humidity_screenView()	8	static
../TouchGFX/gui/src/humidity_screen_screen/humidity_screenView.cpp:8:6:virtual void humidity_screenView::setupScreen()	0	static
../TouchGFX/gui/src/humidity_screen_screen/humidity_screenView.cpp:18:6:virtual void humidity_screenView::setHumidity(float)	16	static
