../TouchGFX/gui/include/gui/model/ModelListener.hpp:32:18:virtual void ModelListener::notifyADCChanged(uint32_t)	0	static
../TouchGFX/gui/include/gui/model/ModelListener.hpp:33:18:virtual void ModelListener::notifyTemperatureChanged(float)	0	static
../TouchGFX/gui/include/gui/model/ModelListener.hpp:34:18:virtual void ModelListener::notifyHumidityChanged(float)	0	static
../TouchGFX/gui/include/gui/model/ModelListener.hpp:35:18:virtual void ModelListener::notifyHumiditySetPointChanged(float)	0	static
../TouchGFX/gui/include/gui/model/ModelListener.hpp:37:18:virtual void ModelListener::notifyLightsSetPointChanged(int)	0	static
../TouchGFX/gui/include/gui/temperature_screen_screen/temperature_screenPresenter.hpp:28:13:temperature_screenPresenter::~temperature_screenPresenter()	0	static
../TouchGFX/gui/src/temperature_screen_screen/temperature_screenPresenter.cpp:10:6:virtual void temperature_screenPresenter::activate()	0	static
../TouchGFX/gui/src/temperature_screen_screen/temperature_screenPresenter.cpp:20:6:virtual void temperature_screenPresenter::notifyTemperatureSetPointChanged(float)	0	static
../TouchGFX/gui/include/gui/temperature_screen_screen/temperature_screenPresenter.hpp:28:13:virtual temperature_screenPresenter::~temperature_screenPresenter()	8	static
../TouchGFX/gui/include/gui/temperature_screen_screen/temperature_screenPresenter.hpp:28:13:virtual void* temperature_screenPresenter::_ZThn4_N27temperature_screenPresenterD1Ev()	0	static
../TouchGFX/gui/src/temperature_screen_screen/temperature_screenPresenter.cpp:4:1:temperature_screenPresenter::temperature_screenPresenter(temperature_screenView&)	0	static
